[pabanal.fr/index.html]
[backblue.gif]
[fade.gif]
[index.html]
[pabanal.fr/wp-includes/css/dist/block-library/style.min0899.css]
[pabanal.fr/wp-content/themes/toivo-lite/fonts/genericons/genericons/genericons.min6de8.css]
[pabanal.fr/wp-content/themes/toivo-lite/style7359.css]
[pabanal.fr/wp-includes/js/jquery/jquery.minf43b.js]
[pabanal.fr/wp-includes/js/jquery/jquery-migrate.min5589.js]
[pabanal.fr/feed/index.html]
[pabanal.fr/xmlrpc0db0.php]
[pabanal.fr/comments/feed/index.html]
[pabanal.fr/wp-content/uploads/custom-css-js/319825c.css]
[pabanal.fr/wp-content/uploads/custom-css-js/7548bb.css]
[pabanal.fr/wp-json/index.html]
[pabanal.fr/wp-content/uploads/custom-css-js/3184808.js]
[pabanal.fr/wp-content/uploads/2020/12/cropped-FAVICON-1-32x328744.png]
[pabanal.fr/wp-content/uploads/2020/12/cropped-FAVICON-1-192x1928744.png]
[pabanal.fr/wp-content/uploads/2020/12/cropped-FAVICON-1-180x1808744.png]
[pabanal.fr/wp-content/plugins/nextgen-gallery/products/photocrati_nextgen/modules/nextgen_basic_gallery/static/slideshow/ngg_basic_slideshow3b71.css]
[pabanal.fr/wp-content/plugins/nextgen-gallery/products/photocrati_nextgen/modules/nextgen_basic_gallery/static/slideshow/slick/slick3b71.css]
[pabanal.fr/wp-content/plugins/nextgen-gallery/products/photocrati_nextgen/modules/nextgen_basic_gallery/static/slideshow/slick/slick-theme3b71.css]
[pabanal.fr/wp-content/plugins/nextgen-gallery/products/photocrati_nextgen/modules/nextgen_gallery_display/static/trigger_buttons3b71.css]
[pabanal.fr/wp-content/plugins/nextgen-gallery/products/photocrati_nextgen/modules/lightbox/static/simplelightbox/simple-lightbox3b71.css]
[use.fontawesome.com/releases/v5.3.1/css/v4-shims0899.css]
[use.fontawesome.com/releases/v5.3.1/css/all0899.css]
[pabanal.fr/wp-content/ngg_styles/nggallery3b71.css]
[pabanal.fr/wp-content/themes/toivo-lite/images/LOGO7_BLANC.png]
[pabanal.fr/wp-content/gallery/tireuse-a-biere-1/22072020-IMG_6511.jpg]
[pabanal.fr/wp-content/gallery/tireuse-a-biere-1/thumbs/thumbs_22072020-IMG_6511.jpg]
[pabanal.fr/wp-content/gallery/tireuse-a-biere-1/22072020-IMG_6529.jpg]
[pabanal.fr/wp-content/gallery/tireuse-a-biere-1/thumbs/thumbs_22072020-IMG_6529.jpg]
[pabanal.fr/wp-content/gallery/tireuse-a-biere-1/22072020-IMG_6515.jpg]
[pabanal.fr/wp-content/gallery/tireuse-a-biere-1/thumbs/thumbs_22072020-IMG_6515.jpg]
[pabanal.fr/wp-content/gallery/tireuse-a-biere-1/22072020-IMG_6582.jpg]
[pabanal.fr/category/creations/index.html]
[pabanal.fr/wp-content/gallery/tireuse-a-biere-1/thumbs/thumbs_22072020-IMG_6582.jpg]
[pabanal.fr/wp-content/gallery/tireuse-a-biere-1/22072020-IMG_6585.jpg]
[pabanal.fr/category/blog/index.html]
[pabanal.fr/wp-content/gallery/tireuse-a-biere-1/thumbs/thumbs_22072020-IMG_6585.jpg]
[pabanal.fr/wp-content/gallery/tireuse-a-biere-1/22072020-IMG_6544.jpg]
[pabanal.fr/wp-content/gallery/tireuse-a-biere-1/thumbs/thumbs_22072020-IMG_6544.jpg]
[pabanal.fr/wp-content/gallery/tireuse-a-biere-1/22072020-IMG_6554.jpg]
[pabanal.fr/wp-content/gallery/tireuse-a-biere-1/thumbs/thumbs_22072020-IMG_6554.jpg]
[pabanal.fr/wp-content/gallery/tireuse-a-biere-1/22072020-IMG_6559.jpg]
[pabanal.fr/a-propos/index.html]
[pabanal.fr/wp-content/gallery/tireuse-a-biere-1/thumbs/thumbs_22072020-IMG_6559.jpg]
[pabanal.fr/wp-content/gallery/tireuse-a-biere-1/22072020-IMG_6563.jpg]
[pabanal.fr/wp-content/gallery/tireuse-a-biere-1/thumbs/thumbs_22072020-IMG_6563.jpg]
[pabanal.fr/wp-content/gallery/tireuse-a-biere-1/22072020-IMG_6548.jpg]
[pabanal.fr/contact/index.html]
[pabanal.fr/wp-content/gallery/tireuse-a-biere-1/thumbs/thumbs_22072020-IMG_6548.jpg]
[pabanal.fr/wp-content/gallery/tireuse-a-biere-1/22072020-IMG_6547.jpg]
[pabanal.fr/wp-content/gallery/tireuse-a-biere-1/thumbs/thumbs_22072020-IMG_6547.jpg]
[pabanal.fr/wp-content/gallery/tireuse-a-biere-1/22072020-IMG_6531.jpg]
[pabanal.fr/wp-content/gallery/tireuse-a-biere-1/thumbs/thumbs_22072020-IMG_6531.jpg]
[pabanal.fr/tireuse-a-biere/index.html]
[pabanal.fr/wp-content/gallery/tireuse-a-biere-1/22072020-IMG_6516.jpg]
[pabanal.fr/wp-content/gallery/tireuse-a-biere-1/thumbs/thumbs_22072020-IMG_6516.jpg]
[pabanal.fr/wp-content/gallery/tireuse-a-biere-1/22072020-IMG_6550.jpg]
[pabanal.fr/wp-content/gallery/tireuse-a-biere-1/thumbs/thumbs_22072020-IMG_6550.jpg]
[pabanal.fr/wp-content/gallery/tireuse-a-biere-1/22072020-IMG_6587.jpg]
[pabanal.fr/wp-content/gallery/tireuse-a-biere-1/thumbs/thumbs_22072020-IMG_6587.jpg]
[pabanal.fr/wp-content/gallery/borne-darcade/DSC0507-scaled.jpg]
[pabanal.fr/wp-content/gallery/borne-darcade/thumbs/thumbs_DSC0507-scaled.jpg]
[pabanal.fr/wp-content/gallery/borne-darcade/DSC0537-Modifier-scaled.jpg]
[pabanal.fr/wp-content/gallery/borne-darcade/thumbs/thumbs_DSC0537-Modifier-scaled.jpg]
[pabanal.fr/wp-content/gallery/borne-darcade/DSC0514-scaled.jpg]
[pabanal.fr/wp-content/gallery/borne-darcade/thumbs/thumbs_DSC0514-scaled.jpg]
[pabanal.fr/wp-content/gallery/borne-darcade/DSC0465-scaled.jpg]
[pabanal.fr/wp-content/gallery/borne-darcade/thumbs/thumbs_DSC0465-scaled.jpg]
[pabanal.fr/wp-content/gallery/borne-darcade/DSC0433-scaled.jpg]
[pabanal.fr/borne-darcade/index.html]
[pabanal.fr/wp-content/gallery/borne-darcade/thumbs/thumbs_DSC0433-scaled.jpg]
[pabanal.fr/wp-content/gallery/borne-darcade/DSC0422-scaled.jpg]
[pabanal.fr/wp-content/gallery/borne-darcade/thumbs/thumbs_DSC0422-scaled.jpg]
[pabanal.fr/wp-content/gallery/borne-darcade/449-Mod.png]
[pabanal.fr/wp-content/gallery/borne-darcade/thumbs/thumbs_449-Mod.png]
[pabanal.fr/wp-content/gallery/borne-darcade/DSC0483-scaled.jpg]
[pabanal.fr/wp-content/gallery/borne-darcade/thumbs/thumbs_DSC0483-scaled.jpg]
[pabanal.fr/wp-content/gallery/borne-darcade/DSC0487-scaled.jpg]
[pabanal.fr/wp-content/gallery/borne-darcade/thumbs/thumbs_DSC0487-scaled.jpg]
[pabanal.fr/wp-content/gallery/borne-darcade/DSC0481-scaled.jpg]
[pabanal.fr/wp-content/gallery/borne-darcade/thumbs/thumbs_DSC0481-scaled.jpg]
[pabanal.fr/wp-content/gallery/borne-darcade/DSC0489-scaled.jpg]
[pabanal.fr/wp-content/gallery/borne-darcade/thumbs/thumbs_DSC0489-scaled.jpg]
[pabanal.fr/wp-content/gallery/borne-darcade/DSC0480-scaled.jpg]
[pabanal.fr/wp-content/gallery/borne-darcade/thumbs/thumbs_DSC0480-scaled.jpg]
[pabanal.fr/wp-content/gallery/borne-darcade/DSC0484-scaled.jpg]
[pabanal.fr/wp-content/gallery/borne-darcade/thumbs/thumbs_DSC0484-scaled.jpg]
[pabanal.fr/wp-content/gallery/tireuse-baptiste/DSC01122-min-1-scaled.jpg]
[pabanal.fr/wp-content/gallery/tireuse-baptiste/thumbs/thumbs_DSC01122-min-1-scaled.jpg]
[pabanal.fr/wp-content/gallery/tireuse-baptiste/DSC01123-min-1-scaled.jpg]
[pabanal.fr/lultime-tireuse-a-biere/index.html]
[pabanal.fr/wp-content/gallery/tireuse-baptiste/thumbs/thumbs_DSC01123-min-1-scaled.jpg]
[pabanal.fr/wp-content/gallery/tireuse-baptiste/DSC01140-min-scaled.jpg]
[pabanal.fr/wp-content/gallery/tireuse-baptiste/thumbs/thumbs_DSC01140-min-scaled.jpg]
[pabanal.fr/wp-content/gallery/tireuse-baptiste/DSC01131-min-1-scaled.jpg]
[pabanal.fr/wp-content/gallery/tireuse-baptiste/thumbs/thumbs_DSC01131-min-1-scaled.jpg]
[pabanal.fr/wp-content/gallery/tireuse-baptiste/DSC01136-min-1-scaled.jpg]
[pabanal.fr/wp-content/gallery/tireuse-baptiste/thumbs/thumbs_DSC01136-min-1-scaled.jpg]
[pabanal.fr/wp-content/gallery/tireuse-baptiste/DSC01134-min-1-scaled.jpg]
[pabanal.fr/wp-content/gallery/tireuse-baptiste/thumbs/thumbs_DSC01134-min-1-scaled.jpg]
[pabanal.fr/wp-content/gallery/tireuse-baptiste/DSC01125-min-1-scaled.jpg]
[pabanal.fr/wp-content/gallery/tireuse-baptiste/thumbs/thumbs_DSC01125-min-1-scaled.jpg]
[pabanal.fr/wp-content/gallery/tireuse-baptiste/DSC01111-min-1-scaled.jpg]
[pabanal.fr/wp-content/gallery/tireuse-baptiste/thumbs/thumbs_DSC01111-min-1-scaled.jpg]
[pabanal.fr/wp-content/gallery/tireuse-baptiste/DSC01141-min-scaled.jpg]
[pabanal.fr/wp-content/gallery/tireuse-baptiste/thumbs/thumbs_DSC01141-min-scaled.jpg]
[pabanal.fr/wp-content/gallery/tireuse-baptiste/DSC01139-min-1-scaled.jpg]
[pabanal.fr/wp-content/gallery/tireuse-baptiste/thumbs/thumbs_DSC01139-min-1-scaled.jpg]
[pabanal.fr/wp-content/gallery/tireuse-baptiste/DSC01129-min-1-scaled.jpg]
[pabanal.fr/wp-content/gallery/tireuse-baptiste/thumbs/thumbs_DSC01129-min-1-scaled.jpg]
[pabanal.fr/wp-content/gallery/tireuse-baptiste/DSC01138-min-1-scaled.jpg]
[pabanal.fr/wp-content/gallery/tireuse-baptiste/thumbs/thumbs_DSC01138-min-1-scaled.jpg]
[pabanal.fr/wp-content/gallery/tireuse-baptiste/DSC01143-min-scaled.jpg]
[pabanal.fr/wp-content/gallery/tireuse-baptiste/thumbs/thumbs_DSC01143-min-scaled.jpg]
[pabanal.fr/wp-content/gallery/stick-arcade/20210325_133847-min-scaled.jpg]
[pabanal.fr/wp-content/gallery/stick-arcade/thumbs/thumbs_20210325_133847-min-scaled.jpg]
[pabanal.fr/wp-content/gallery/stick-arcade/20210325_133907-min-scaled.jpg]
[pabanal.fr/wp-content/gallery/stick-arcade/thumbs/thumbs_20210325_133907-min-scaled.jpg]
[pabanal.fr/le-stick-darcade-sans-fil-pabanal/index.html]
[pabanal.fr/wp-content/gallery/stick-arcade/20210325_133944-min-scaled.jpg]
[pabanal.fr/wp-content/gallery/stick-arcade/thumbs/thumbs_20210325_133944-min-scaled.jpg]
[pabanal.fr/wp-content/gallery/stick-arcade/20210325_134047-min-scaled.jpg]
[pabanal.fr/wp-content/gallery/stick-arcade/thumbs/thumbs_20210325_134047-min-scaled.jpg]
[pabanal.fr/wp-content/gallery/stick-arcade/20210325_134148-min-scaled.jpg]
[pabanal.fr/wp-content/gallery/stick-arcade/thumbs/thumbs_20210325_134148-min-scaled.jpg]
[pabanal.fr/wp-content/gallery/stick-arcade/20210325_134214-min-scaled.jpg]
[pabanal.fr/wp-content/gallery/stick-arcade/thumbs/thumbs_20210325_134214-min-scaled.jpg]
[pabanal.fr/wp-content/gallery/stick-arcade/20210325_134236-min-scaled.jpg]
[pabanal.fr/wp-content/gallery/stick-arcade/thumbs/thumbs_20210325_134236-min-scaled.jpg]
[pabanal.fr/wp-content/gallery/plateau-apero/IMG_20210105_151924-scaled.jpg]
[pabanal.fr/wp-content/gallery/plateau-apero/thumbs/thumbs_IMG_20210105_151924-scaled.jpg]
[pabanal.fr/wp-content/gallery/plateau-apero/IMG_20210105_151542-scaled.jpg]
[pabanal.fr/wp-content/gallery/plateau-apero/thumbs/thumbs_IMG_20210105_151542-scaled.jpg]
[pabanal.fr/wp-content/gallery/plateau-apero/IMG_20210105_151759-scaled.jpg]
[pabanal.fr/wp-content/gallery/plateau-apero/thumbs/thumbs_IMG_20210105_151759-scaled.jpg]
[pabanal.fr/wp-content/gallery/plateau-apero/IMG_20210105_151340-scaled.jpg]
[pabanal.fr/wp-content/gallery/plateau-apero/thumbs/thumbs_IMG_20210105_151340-scaled.jpg]
[pabanal.fr/wp-content/gallery/plateau-apero/IMG_20210105_151445-scaled.jpg]
[pabanal.fr/plateau-apero/index.html]
[pabanal.fr/wp-content/gallery/plateau-apero/thumbs/thumbs_IMG_20210105_151445-scaled.jpg]
[pabanal.fr/wp-content/gallery/plateau-apero/IMG_20210105_151840-scaled.jpg]
[pabanal.fr/wp-content/gallery/plateau-apero/thumbs/thumbs_IMG_20210105_151840-scaled.jpg]
[pabanal.fr/wp-content/gallery/plateau-apero/CAO-AVEC-BOLS.png]
[pabanal.fr/wp-content/gallery/plateau-apero/thumbs/thumbs_CAO-AVEC-BOLS.png]
[pabanal.fr/wp-content/gallery/plateau-apero/CAO-SANS-BOLS.png]
[pabanal.fr/wp-content/gallery/plateau-apero/thumbs/thumbs_CAO-SANS-BOLS.png]
[pabanal.fr/wp-content/gallery/echequier/20201223_174252-scaled.jpg]
[pabanal.fr/wp-content/gallery/echequier/thumbs/thumbs_20201223_174252-scaled.jpg]
[pabanal.fr/echiquier/index.html]
[pabanal.fr/wp-content/gallery/echequier/20201223_174310.jpg]
[pabanal.fr/wp-content/gallery/echequier/thumbs/thumbs_20201223_174310.jpg]
[pabanal.fr/wp-content/gallery/echequier/rendu3.15.png]
[pabanal.fr/wp-content/gallery/echequier/thumbs/thumbs_rendu3.15.png]
[pabanal.fr/wp-content/gallery/echequier/20201223_174329-scaled.jpg]
[pabanal.fr/wp-content/gallery/echequier/thumbs/thumbs_20201223_174329-scaled.jpg]
[pabanal.fr/wp-content/gallery/echequier/rendu1.13.png]
[pabanal.fr/wp-content/gallery/echequier/thumbs/thumbs_rendu1.13.png]
[pabanal.fr/wp-content/gallery/echequier/20201223_174320.png]
[pabanal.fr/wp-content/gallery/echequier/thumbs/thumbs_20201223_174320.png]
[pabanal.fr/wp-content/gallery/echequier/rendu2.14.png]
[pabanal.fr/wp-content/gallery/echequier/thumbs/thumbs_rendu2.14.png]
[pabanal.fr/wp-content/gallery/plateau-hexagonal-1/Photo-de-Guigui3.jpg]
[pabanal.fr/wp-content/gallery/plateau-hexagonal-1/thumbs/thumbs_Photo-de-Guigui3.jpg]
[pabanal.fr/plateau-hexagonal/index.html]
[pabanal.fr/wp-content/gallery/plateau-hexagonal-1/Photo-de-Guigui2.jpg]
[pabanal.fr/wp-content/gallery/plateau-hexagonal-1/thumbs/thumbs_Photo-de-Guigui2.jpg]
[pabanal.fr/wp-content/gallery/plateau-hexagonal-1/Photo-de-Guigui4.jpg]
[pabanal.fr/wp-content/gallery/plateau-hexagonal-1/thumbs/thumbs_Photo-de-Guigui4.jpg]
[pabanal.fr/wp-content/gallery/plateau-hexagonal-1/Photo-de-Guigui.jpg]
[pabanal.fr/wp-content/gallery/plateau-hexagonal-1/thumbs/thumbs_Photo-de-Guigui.jpg]
[pabanal.fr/wp-content/gallery/plateau-hexagonal-1/Photo-de-Guigui5.jpg]
[pabanal.fr/wp-content/gallery/plateau-hexagonal-1/thumbs/thumbs_Photo-de-Guigui5.jpg]
[pabanal.fr/wp-content/gallery/plateau-hexagonal-1/20200229_122002_carre-1.jpg]
[pabanal.fr/wp-content/gallery/plateau-hexagonal-1/thumbs/thumbs_20200229_122002_carre-1.jpg]
[pabanal.fr/wp-content/gallery/plateau-hexagonal-1/20200229_121949-1.jpg]
[pabanal.fr/wp-content/gallery/plateau-hexagonal-1/thumbs/thumbs_20200229_121949-1.jpg]
[pabanal.fr/wp-content/gallery/plateau-hexagonal-1/20200229_122013-1.jpg]
[pabanal.fr/wp-content/gallery/plateau-hexagonal-1/thumbs/thumbs_20200229_122013-1.jpg]
[pabanal.fr/wp-content/gallery/plateau-hexagonal-1/20200229_122044-1.jpg]
[pabanal.fr/wp-content/gallery/plateau-hexagonal-1/thumbs/thumbs_20200229_122044-1.jpg]
[pabanal.fr/wp-content/gallery/plateau-hexagonal-1/20200229_122021-1.jpg]
[pabanal.fr/wp-content/gallery/plateau-hexagonal-1/thumbs/thumbs_20200229_122021-1.jpg]
[pabanal.fr/wp-content/gallery/plateau-hexagonal-1/20200229_122033-1.jpg]
[pabanal.fr/wp-content/gallery/plateau-hexagonal-1/thumbs/thumbs_20200229_122033-1.jpg]
[pabanal.fr/wp-content/uploads/2021/01/logo-facebook-e1610029243919-297x300.png]
[pabanal.fr/wp-content/gallery/montagnes/IMG_5117-scaled.jpg]
[pabanal.fr/wp-content/gallery/montagnes/thumbs/thumbs_IMG_5117-scaled.jpg]
[pabanal.fr/wp-content/gallery/montagnes/IMG_5524.jpg]
[pabanal.fr/wp-content/gallery/montagnes/thumbs/thumbs_IMG_5524.jpg]
[pabanal.fr/wp-content/gallery/montagnes/IMG_5522.jpg]
[pabanal.fr/wp-content/gallery/montagnes/thumbs/thumbs_IMG_5522.jpg]
[pabanal.fr/ouverture-de-notre-page-facebook/index.html]
[pabanal.fr/wp-content/gallery/montagnes/IMG_5116.jpg]
[pabanal.fr/wp-content/gallery/montagnes/thumbs/thumbs_IMG_5116.jpg]
[pabanal.fr/wp-content/gallery/montagnes/IMG_5115-1.jpg]
[pabanal.fr/decoration-murale-les-trois-monts/index.html]
[pabanal.fr/wp-content/gallery/montagnes/thumbs/thumbs_IMG_5115-1.jpg]
[pabanal.fr/wp-content/gallery/molkky/DSC0058.jpg]
[pabanal.fr/wp-content/gallery/molkky/thumbs/thumbs_DSC0058.jpg]
[pabanal.fr/wp-content/gallery/molkky/MG_1663.jpg]
[pabanal.fr/wp-content/gallery/molkky/thumbs/thumbs_MG_1663.jpg]
[pabanal.fr/wp-content/gallery/molkky/MG_1670.jpg]
[pabanal.fr/wp-content/gallery/molkky/thumbs/thumbs_MG_1670.jpg]
[pabanal.fr/jeu-de-molkky/index.html]
[pabanal.fr/wp-content/gallery/molkky/MG_1675.jpg]
[pabanal.fr/wp-content/gallery/molkky/thumbs/thumbs_MG_1675.jpg]
[pabanal.fr/wp-content/gallery/molkky/MG_1672.jpg]
[pabanal.fr/wp-content/gallery/molkky/thumbs/thumbs_MG_1672.jpg]
[pabanal.fr/wp-content/gallery/molkky/MG_1666.jpg]
[pabanal.fr/wp-content/gallery/molkky/thumbs/thumbs_MG_1666.jpg]
[pabanal.fr/wp-content/gallery/molkky/MG_1698.jpg]
[pabanal.fr/wp-content/gallery/molkky/thumbs/thumbs_MG_1698.jpg]
[pabanal.fr/wp-content/gallery/molkky/20201017_141649-carre.jpg]
[pabanal.fr/wp-content/gallery/molkky/thumbs/thumbs_20201017_141649-carre.jpg]
[pabanal.fr/wp-content/gallery/boite-a-the/20200203_142509-2000-x-2000.jpg]
[pabanal.fr/wp-content/gallery/boite-a-the/thumbs/thumbs_20200203_142509-2000-x-2000.jpg]
[pabanal.fr/wp-content/gallery/boite-a-the/20200203_142544-2000-x-2000.jpg]
[pabanal.fr/wp-content/gallery/boite-a-the/thumbs/thumbs_20200203_142544-2000-x-2000.jpg]
[pabanal.fr/boite-a-the/index.html]
[pabanal.fr/wp-content/themes/toivo-lite/js/responsive-nav.min7359.js]
[pabanal.fr/wp-content/themes/toivo-lite/js/settings.min7359.js]
[pabanal.fr/mise-en-ligne-du-site-web/index.html]
[pabanal.fr/mentions-legales/index.html]
[pabanal.fr/wp-content/themes/toivo-lite/js/functions.min7359.js]
[pabanal.fr/wp-content/plugins/nextgen-gallery/products/photocrati_nextgen/modules/nextgen_basic_gallery/static/slideshow/slick/slick-1.8.0-modded3b71.js]
[pabanal.fr/wp-content/plugins/nextgen-gallery/products/photocrati_nextgen/modules/ajax/static/ajax.min3b71.js]
[pabanal.fr/wp-content/plugins/nextgen-gallery/products/photocrati_nextgen/modules/nextgen_gallery_display/static/common3b71.js]
[pabanal.fr/wp-content/plugins/nextgen-gallery/products/photocrati_nextgen/modules/nextgen_basic_gallery/static/slideshow/ngg_basic_slideshow3b71.js]
[pabanal.fr/wp-content/plugins/nextgen-gallery/products/photocrati_nextgen/modules/lightbox/static/lightbox_context3b71.js]
[pabanal.fr/wp-content/plugins/nextgen-gallery/products/photocrati_nextgen/modules/lightbox/static/simplelightbox/simple-lightbox3b71.js]
[pabanal.fr/wp-content/plugins/nextgen-gallery/products/photocrati_nextgen/modules/lightbox/static/simplelightbox/nextgen_simple_lightbox_init3b71.js]
[use.fontawesome.com/releases/v5.3.1/js/v4-shims7923.js]
[use.fontawesome.com/releases/v5.3.1/js/all7923.js]
[pabanal.fr/wp-content/uploads/2020/12/approved_by_george_abitbol.png]
[pabanal.fr/wp-content/uploads/custom-css-js/69acb8.js]
[pabanal.fr/index.html]
[pabanal.fr/xmlrpc.php]
[pabanal.fr/wp-includes/css/dist/block-library/style.min0899.css]
[pabanal.fr/wp-content/themes/toivo-lite/fonts/genericons/genericons/Genericons.eot]
[pabanal.fr/wp-content/themes/toivo-lite/fonts/genericons/genericons/genericons.min6de8.css]
[pabanal.fr/wp-content/themes/toivo-lite/style7359.css]
[pabanal.fr/wp-content/uploads/custom-css-js/319825c.css]
[pabanal.fr/wp-content/themes/toivo-lite/images/header.jpg]
[pabanal.fr/wp-content/themes/toivo-lite/images/pabanal_ecc_blanc.png]
[pabanal.fr/wp-content/uploads/custom-css-js/7548bb.css]
[pabanal.fr/wp-content/plugins/nextgen-gallery/products/photocrati_nextgen/modules/nextgen_basic_gallery/static/slideshow/ngg_basic_slideshow3b71.css]
[pabanal.fr/wp-content/plugins/nextgen-gallery/products/photocrati_nextgen/modules/nextgen_basic_gallery/static/slideshow/slick/slick3b71.css]
[pabanal.fr/wp-content/plugins/nextgen-gallery/products/photocrati_nextgen/modules/nextgen_basic_gallery/static/slideshow/slick/ajax-loader.gif]
[pabanal.fr/wp-content/plugins/nextgen-gallery/products/photocrati_nextgen/modules/nextgen_basic_gallery/static/slideshow/slick/fonts/slick.eot]
[pabanal.fr/wp-content/plugins/nextgen-gallery/products/photocrati_nextgen/modules/nextgen_basic_gallery/static/slideshow/slick/fonts/slickd41d.eot]
[pabanal.fr/wp-content/plugins/nextgen-gallery/products/photocrati_nextgen/modules/nextgen_basic_gallery/static/slideshow/slick/fonts/slick.woff]
[pabanal.fr/wp-content/plugins/nextgen-gallery/products/photocrati_nextgen/modules/nextgen_basic_gallery/static/slideshow/slick/fonts/slick.ttf]
[pabanal.fr/wp-content/plugins/nextgen-gallery/products/photocrati_nextgen/modules/nextgen_basic_gallery/static/slideshow/slick/slick-theme3b71.css]
[pabanal.fr/wp-content/plugins/nextgen-gallery/products/photocrati_nextgen/modules/nextgen_gallery_display/static/trigger_buttons3b71.css]
[pabanal.fr/wp-content/plugins/nextgen-gallery/products/photocrati_nextgen/modules/lightbox/static/simplelightbox/simple-lightbox3b71.css]
[use.fontawesome.com/releases/v5.3.1/css/v4-shims0899.css]
[use.fontawesome.com/releases/v5.3.1/css/all0899.css]
[pabanal.fr/wp-content/ngg_styles/nggallery3b71.css]
[pabanal.fr/wp-json/wp/v2/categories/6.json]
[pabanal.fr/category/creations/index.html]
[pabanal.fr/category/creations/feed/index.html]
[pabanal.fr/wp-json/wp/v2/categories/7.json]
[pabanal.fr/category/blog/index.html]
[pabanal.fr/wp-content/themes/toivo-lite/images/LOGO13_BLANC.png]
[pabanal.fr/category/blog/feed/index.html]
[pabanal.fr/wp-json/wp/v2/pages/22.json]
[pabanal.fr/wp-json/oembed/1.0/embed3b26.json]
[pabanal.fr/wp-json/oembed/1.0/embeda4e0]
[pabanal.fr/wp-content/themes/toivo-lite/images/LOGO8_BLANC.png]
[pabanal.fr/wp-content/uploads/2020/12/FLO-1024x1024.jpg]
[pabanal.fr/a-propos/index.html]
[pabanal.fr/wp-content/uploads/2021/01/iNSRA-1-1024x1024.png]
[pabanal.fr/wp-json/wp/v2/pages/31.json]
[pabanal.fr/wp-json/oembed/1.0/embed5a87.json]
[pabanal.fr/wp-json/oembed/1.0/embeda84a]
[pabanal.fr/wp-includes/css/dashicons.min0899.css]
[pabanal.fr/wp-content/plugins/ninja-forms/assets/css/display-opinions-light0899.css]
[pabanal.fr/wp-content/plugins/ninja-forms/assets/css/font-awesome.min0899.css]
[pabanal.fr/wp-content/plugins/ninja-forms/assets/css/jBox0899.css]
[pabanal.fr/wp-content/plugins/osm/js/OL/6.4.3/ol.css]
[pabanal.fr/wp-content/plugins/osm/css/osm_map_v3.css]
[pabanal.fr/wp-content/plugins/osm/css/osm_map.css]
[pabanal.fr/wp-content/plugins/osm/index.html]
[pabanal.fr/wp-content/plugins/osm/js/polyfill/v2/polyfill.min8d43.js]
[pabanal.fr/wp-content/plugins/osm/js/OL/6.4.3/ol.js]
[pabanal.fr/wp-content/plugins/osm/js/osm-v3-plugin-lib.js]
[pabanal.fr/wp-content/plugins/osm/js/osm-metabox-events.js]
[pabanal.fr/wp-content/plugins/osm/js/osm-startup-lib.js]
[pabanal.fr/wp-content/plugins/osm/icons/mic_black_empty_01.png]
[pabanal.fr/wp-content/plugins/ninja-forms/assets/js/min/front-end--helptext.min2334.js]
[pabanal.fr/wp-includes/js/underscore.min3ab8.js]
[pabanal.fr/wp-includes/js/backbone.minaff7.js]
[pabanal.fr/wp-content/plugins/ninja-forms/assets/js/min/front-end-deps2334.js]
[pabanal.fr/contact/index.html]
[pabanal.fr/wp-content/plugins/ninja-forms/assets/js/min/front-end2334.js]
[pabanal.fr/wp-json/wp/v2/posts/18.json]
[pabanal.fr/wp-json/oembed/1.0/embed85a8.json]
[pabanal.fr/wp-json/oembed/1.0/embedd671]
[pabanal.fr/wp-content/themes/toivo-lite/images/LOGO17_BLANC.png]
[pabanal.fr/wp-content/uploads/2020/12/22072020-IMG_6511-1024x682.jpg]
[pabanal.fr/wp-content/uploads/2020/12/22072020-IMG_6582-1024x682.jpg]
[pabanal.fr/wp-content/uploads/2020/12/22072020-IMG_6529-682x1024.jpg]
[pabanal.fr/wp-content/uploads/2020/12/22072020-IMG_6563-682x1024.jpg]
[pabanal.fr/wp-content/uploads/2020/12/22072020-IMG_6531-888x1024.jpg]
[pabanal.fr/tireuse-a-biere/index.html]
[pabanal.fr/wp-json/wp/v2/posts/419.json]
[pabanal.fr/borne-darcade/feed/index.html]
[pabanal.fr/wp-json/oembed/1.0/embededf3.json]
[pabanal.fr/wp-json/oembed/1.0/embede482]
[pabanal.fr/wp-content/uploads/2021/01/DSC0507-683x1024.jpg]
[pabanal.fr/wp-content/uploads/2021/01/DSC0514-1024x683.jpg]
[pabanal.fr/wp-content/uploads/2021/01/DSC0484-1024x683.jpg]
[pabanal.fr/wp-content/uploads/2021/01/DSC0483-1024x683.jpg]
[pabanal.fr/wp-content/uploads/2021/01/DSC0487-1024x683.jpg]
[pabanal.fr/wp-content/uploads/2021/01/449-Mod-683x1024.png]
[pabanal.fr/borne-darcade/index.html]
[pabanal.fr/lultime-tireuse-a-biere/feed/index.html]
[pabanal.fr/wp-json/wp/v2/posts/663.json]
[pabanal.fr/wp-json/oembed/1.0/embedef16.json]
[pabanal.fr/wp-json/oembed/1.0/embed9617]
[pabanal.fr/wp-content/themes/toivo-lite/images/LOGO6_BLANC.png]
[pabanal.fr/wp-content/uploads/2021/09/DSC01123-min-1-683x1024.jpg]
[pabanal.fr/wp-content/uploads/2021/09/DSC01141-min-683x1024.jpg]
[pabanal.fr/wp-content/uploads/2021/09/DSC01122-min-1-683x1024.jpg]
[pabanal.fr/wp-content/uploads/2021/09/DSC01134-min-1-683x1024.jpg]
[pabanal.fr/wp-content/uploads/2021/09/DSC01138-min-1-683x1024.jpg]
[pabanal.fr/lultime-tireuse-a-biere/index.html]
[pabanal.fr/wp-json/wp/v2/posts/601.json]
[pabanal.fr/le-stick-darcade-sans-fil-pabanal/feed/index.html]
[pabanal.fr/wp-json/oembed/1.0/embedd45c.json]
[pabanal.fr/wp-json/oembed/1.0/embedb7c7]
[pabanal.fr/wp-content/themes/toivo-lite/images/LOGO4_BLANC.png]
[pabanal.fr/wp-content/uploads/2021/03/20210325_133847-min-1024x576.jpg]
[pabanal.fr/wp-content/uploads/2021/03/20210325_133907-min-1024x576.jpg]
[pabanal.fr/wp-content/uploads/2021/03/20210325_134214-min-1024x576.jpg]
[pabanal.fr/wp-content/uploads/2021/03/20210325_134047-min-1024x576.jpg]
[pabanal.fr/wp-content/uploads/2021/03/20210325_133944-min-1024x576.jpg]
[pabanal.fr/le-stick-darcade-sans-fil-pabanal/index.html]
[pabanal.fr/wp-json/wp/v2/posts/578.json]
[pabanal.fr/plateau-apero/feed/index.html]
[pabanal.fr/wp-json/oembed/1.0/embed10e2.json]
[pabanal.fr/wp-json/oembed/1.0/embed0e6d]
[pabanal.fr/wp-content/themes/toivo-lite/images/LOGO15_BLANC.png]
[pabanal.fr/wp-content/uploads/2021/02/IMG_20210105_151340-140x300.jpg]
[pabanal.fr/wp-content/uploads/2021/03/IMG_20210105_151924-300x140.jpg]
[pabanal.fr/wp-content/uploads/2021/03/CAO-AVEC-BOLS-300x178.png]
[pabanal.fr/wp-content/uploads/2021/03/CAO-SANS-BOLS-300x186.png]
[pabanal.fr/wp-content/uploads/2021/02/IMG_20210105_151759-140x300.jpg]
[pabanal.fr/plateau-apero/index.html]
[pabanal.fr/wp-json/wp/v2/posts/547.json]
[pabanal.fr/echiquier/feed/index.html]
[pabanal.fr/wp-json/oembed/1.0/embedf525.json]
[pabanal.fr/wp-json/oembed/1.0/embed95a3]
[pabanal.fr/wp-content/uploads/2021/02/20201223_174329-300x169.jpg]
[pabanal.fr/wp-content/uploads/2021/02/rendu1.13-300x200.png]
[pabanal.fr/wp-content/uploads/2021/02/20201223_174320-300x175.png]
[pabanal.fr/wp-content/uploads/2021/02/20201223_174252-300x169.jpg]
[pabanal.fr/echiquier/index.html]
[pabanal.fr/plateau-hexagonal/feed/index.html]
[pabanal.fr/wp-json/wp/v2/posts/327.json]
[pabanal.fr/wp-json/oembed/1.0/embedb048.json]
[pabanal.fr/wp-json/oembed/1.0/embed5f97]
[pabanal.fr/wp-content/themes/toivo-lite/images/LOGO9_BLANC.png]
[pabanal.fr/wp-content/uploads/2021/01/Photo-de-Guigui3-300x169.jpg]
[pabanal.fr/wp-content/uploads/2021/01/Photo-de-Guigui4-300x169.jpg]
[pabanal.fr/wp-content/uploads/2020/12/20200229_122021-1-300x169.jpg]
[pabanal.fr/wp-content/uploads/2020/12/20200229_122044-1-300x169.jpg]
[pabanal.fr/wp-content/uploads/2020/12/20200229_122033-1-300x169.jpg]
[pabanal.fr/plateau-hexagonal/index.html]
[pabanal.fr/wp-json/wp/v2/posts/392.json]
[pabanal.fr/ouverture-de-notre-page-facebook/feed/index.html]
[pabanal.fr/wp-json/oembed/1.0/embede23b.json]
[pabanal.fr/ouverture-de-notre-page-facebook/index.html]
[pabanal.fr/wp-json/oembed/1.0/embed40f8]
[pabanal.fr/wp-json/wp/v2/posts/347.json]
[pabanal.fr/decoration-murale-les-trois-monts/feed/index.html]
[pabanal.fr/wp-json/oembed/1.0/embed65a3.json]
[pabanal.fr/wp-json/oembed/1.0/embedcda4]
[pabanal.fr/wp-content/uploads/2020/12/IMG_5072-1024x768.jpg]
[pabanal.fr/wp-content/uploads/2020/12/IMG_5058-1024x768.jpg]
[pabanal.fr/wp-content/uploads/2020/12/IMG_5081-e1608576745941-768x1024.jpg]
[pabanal.fr/wp-content/uploads/2020/12/IMG_5117-1-1024x768.jpg]
[pabanal.fr/decoration-murale-les-trois-monts/index.html]
[pabanal.fr/wp-json/wp/v2/posts/191.json]
[pabanal.fr/wp-json/oembed/1.0/embedb89d.json]
[pabanal.fr/wp-json/oembed/1.0/embed4dd8]
[pabanal.fr/wp-content/uploads/2020/12/MG_1663-1024x682.jpg]
[pabanal.fr/wp-content/uploads/2020/12/MG_1670-1024x682.jpg]
[pabanal.fr/wp-content/uploads/2020/12/MG_1675-1024x682.jpg]
[pabanal.fr/wp-content/uploads/2020/12/20201017_141649-carre-1024x1024.jpg]
[pabanal.fr/jeu-de-molkky/index.html]
[pabanal.fr/wp-json/wp/v2/posts/207.json]
[pabanal.fr/wp-json/oembed/1.0/embedd502.json]
[pabanal.fr/wp-json/oembed/1.0/embedbefd]
[pabanal.fr/wp-content/themes/toivo-lite/images/LOGO21_BLANC.png]
[pabanal.fr/wp-content/uploads/2020/12/20200203_142544-2000-x-2000-1024x1024.jpg]
[pabanal.fr/boite-a-the/index.html]
[pabanal.fr/wp-content/uploads/2020/12/20200203_142509-2000-x-2000-1024x1024.jpg]
[pabanal.fr/wp-json/wp/v2/posts/34.json]
[pabanal.fr/wp-json/oembed/1.0/embed11b2.json]
[pabanal.fr/wp-json/oembed/1.0/embed9743]
[pabanal.fr/mise-en-ligne-du-site-web/index.html]
[pabanal.fr/wp-content/themes/toivo-lite/images/LOGO10_BLANC.png]
[pabanal.fr/wp-json/wp/v2/pages/80.json]
[pabanal.fr/wp-json/oembed/1.0/embedb6e2.json]
[pabanal.fr/mentions-legales/index.html]
[pabanal.fr/wp-content/plugins/nextgen-gallery/products/photocrati_nextgen/modules/nextgen_basic_gallery/static/slideshow/slick/fonts/slick.svg]
[pabanal.fr/index0345.html]
[pabanal.fr/indexc7e3.html]
[pabanal.fr/wp-includes/fonts/dashicons7d4b.eot]
[pabanal.fr/wp-json/oembed/1.0/embedeaa3]
[pabanal.fr/wp-includes/fonts/dashicons7d4b.ttf]
[pabanal.fr/wp-includes/css/dashicons.min0899.css]
[pabanal.fr/wp-content/plugins/ninja-forms/assets/img/help-info.png]
[pabanal.fr/wp-content/plugins/ninja-forms/assets/css/display-opinions-light0899.css]
[pabanal.fr/wp-content/plugins/ninja-forms/assets/fonts/fontawesome-webfont3295.eot]
[pabanal.fr/wp-content/plugins/ninja-forms/assets/fonts/fontawesome-webfontd41d.eot]
[pabanal.fr/wp-content/plugins/ninja-forms/assets/fonts/fontawesome-webfont3295.woff]
[pabanal.fr/wp-content/plugins/ninja-forms/assets/fonts/fontawesome-webfont3295.ttf]
[pabanal.fr/wp-content/plugins/ninja-forms/assets/css/font-awesome.min0899.css]
[pabanal.fr/wp-content/plugins/ninja-forms/assets/css/jBox0899.css]
[pabanal.fr/__ovh_icons/blank.gif]
[pabanal.fr/wp-content/plugins/osm/indexc052.html]
[pabanal.fr/__ovh_icons/back.gif]
[pabanal.fr/__ovh_icons/image2.gif]
[pabanal.fr/wp-content/plugins/osm/GDPR_bckgrnd.png]
[pabanal.fr/wp-content/plugins/osm/WP_OSM_Plugin_Logo.png]
[pabanal.fr/__ovh_icons/folder.gif]
[pabanal.fr/wp-content/plugins/osm/indexf8a0.html]
[pabanal.fr/__ovh_icons/unknown.gif]
[pabanal.fr/wp-content/plugins/osm/osm-args-class.html]
[pabanal.fr/wp-content/plugins/osm/indexbfec.html]
[pabanal.fr/wp-content/plugins/osm/osm-icon-class.html]
[pabanal.fr/wp-content/plugins/osm/osm-import.html]
[pabanal.fr/wp-content/plugins/osm/index30b5.html]
[pabanal.fr/wp-content/plugins/osm/osm-maptype-select.html]
[pabanal.fr/wp-content/plugins/osm/osm-marker-tagged-select.html]
[pabanal.fr/wp-content/plugins/index.html]
[pabanal.fr/wp-content/plugins/osm/osm-metabox.html]
[pabanal.fr/wp-content/plugins/osm/osm-metabox_v4.html]
[pabanal.fr/wp-content/plugins/osm/css/index.html]
[pabanal.fr/__ovh_icons/text.gif]
[pabanal.fr/wp-content/plugins/osm/examples/index.html]
[pabanal.fr/wp-content/plugins/osm/readme.txt]
[pabanal.fr/wp-content/plugins/osm/index.html]
[pabanal.fr/wp-content/plugins/osm/js/OL/6.4.3/ol.css]
[pabanal.fr/wp-content/plugins/osm/css/osm_map_v3.css]
[pabanal.fr/wp-content/plugins/osm/uninstall.html]
[pabanal.fr/wp-content/plugins/osm/css/osm_map.css]
[pabanal.fr/wp-content/plugins/osm/icons/index.html]
[pabanal.fr/index0735.html]
[pabanal.fr/wp-content/plugins/osm/images/index.html]
[pabanal.fr/wp-content/plugins/osm/js/index.html]
[pabanal.fr/indexbdfa.html]
[pabanal.fr/wp-content/plugins/osm/languages/index.html]
[pabanal.fr/indexb1f0.html]
[pabanal.fr/indexbdc9.html]
[pabanal.fr/indexa722.html]
[pabanal.fr/index7cc7.html]
[pabanal.fr/index5355.html]
[pabanal.fr/indexead8.html]
[pabanal.fr/index0974.html]
[pabanal.fr/indexbbbf.html]
[pabanal.fr/indexeb91.html]
[pabanal.fr/index1e7e.html]
[pabanal.fr/indexbde5.html]
[pabanal.fr/wp-content/plugins/osm/osm_map/index.html]
[pabanal.fr/wp-content/plugins/ninja-forms/assets/fonts/fontawesome-webfont3295.html]
[pabanal.fr/wp-content/plugins/ninja-forms/assets/fonts/fontawesome-webfont3295.svg]
[pabanal.fr/wp-content/plugins/osm/indexc052.html]
[pabanal.fr/wp-content/plugins/osm/indexf8a0.html]
[pabanal.fr/wp-content/plugins/osm/osm_map_v3/index.html]
[pabanal.fr/wp-content/plugins/osm/indexbfec.html]
[pabanal.fr/wp-content/plugins/osm/themes/index.html]
[pabanal.fr/wp-content/plugins/osm/index30b5.html]
[pabanal.fr/wp-content/plugins/osm/indexb70a.html]
[pabanal.fr/wp-content/plugins/osm/index72c9.html]
[pabanal.fr/wp-content/plugins/index.html]
[pabanal.fr/wp-content/plugins/osm/css/index.html]
[pabanal.fr/wp-content/plugins/osm/index5851.html]
[pabanal.fr/wp-content/plugins/osm/indexad3f.html]
[pabanal.fr/wp-content/plugins/osm/css/indexc052.html]
[pabanal.fr/wp-content/plugins/osm/css/indexf8a0.html]
[pabanal.fr/wp-content/plugins/osm/css/indexbfec.html]
[pabanal.fr/wp-content/plugins/osm/examples/indexc052.html]
[pabanal.fr/wp-content/plugins/osm/css/index30b5.html]
[pabanal.fr/wp-content/plugins/osm/examples/indexf8a0.html]
[pabanal.fr/wp-content/plugins/osm/examples/sample01.gpx]
[pabanal.fr/wp-content/plugins/osm/examples/sample02.gpx]
[pabanal.fr/wp-content/plugins/osm/examples/indexbfec.html]
[pabanal.fr/wp-content/plugins/osm/examples/sample03.gpx]
[pabanal.fr/wp-content/plugins/osm/examples/index.html]
[pabanal.fr/wp-content/plugins/osm/examples/index30b5.html]
[pabanal.fr/wp-content/plugins/osm/icons/CM_01.png]
[pabanal.fr/wp-content/plugins/osm/icons/ORS_01.png]
[pabanal.fr/wp-content/plugins/osm/icons/indexc052.html]
[pabanal.fr/wp-content/plugins/osm/icons/YN_01.png]
[pabanal.fr/wp-content/plugins/osm/icons/airport.png]
[pabanal.fr/wp-content/plugins/osm/icons/bicycling.png]
[pabanal.fr/wp-content/plugins/osm/icons/indexf8a0.html]
[pabanal.fr/wp-content/plugins/osm/icons/bus.png]
[pabanal.fr/wp-content/plugins/osm/icons/camping.png]
[pabanal.fr/wp-content/plugins/osm/icons/car.png]
[pabanal.fr/wp-content/plugins/osm/icons/indexbfec.html]
[pabanal.fr/wp-content/plugins/osm/icons/friends.png]
[pabanal.fr/wp-content/plugins/osm/icons/geocache.png]
[pabanal.fr/wp-content/plugins/osm/icons/guest_house.png]
[pabanal.fr/wp-content/plugins/osm/icons/home.png]
[pabanal.fr/wp-content/plugins/osm/icons/hostel.png]
[pabanal.fr/wp-content/plugins/osm/icons/index30b5.html]
[pabanal.fr/wp-content/plugins/osm/icons/hotel.png]
[pabanal.fr/wp-content/plugins/osm/icons/marker_blue.png]
[pabanal.fr/wp-content/plugins/osm/icons/marker_posts.png]
[pabanal.fr/wp-content/plugins/osm/icons/mic_black_acupuncture_10.png]
[pabanal.fr/wp-content/plugins/osm/icons/mic_black_airline_10.png]
[pabanal.fr/wp-content/plugins/osm/icons/mic_black_airport_10.png]
[pabanal.fr/wp-content/plugins/osm/icons/mic_black_archery_01.png]
[pabanal.fr/wp-content/plugins/osm/icons/mic_black_archery_10.png]
[pabanal.fr/wp-content/plugins/osm/icons/mic_black_area51_10.png]
[pabanal.fr/wp-content/plugins/osm/icons/mic_black_atom_10.png]
[pabanal.fr/wp-content/plugins/osm/icons/mic_black_badmint_10.png]
[pabanal.fr/wp-content/plugins/osm/icons/mic_black_balloon_10.png]
[pabanal.fr/wp-content/plugins/osm/icons/mic_black_bank_10.png]
[pabanal.fr/wp-content/plugins/osm/icons/mic_black_bar_10.png]
[pabanal.fr/wp-content/plugins/osm/icons/mic_black_barbe_10.png]
[pabanal.fr/wp-content/plugins/osm/icons/mic_black_barrierfree_10.png]
[pabanal.fr/wp-content/plugins/osm/icons/mic_black_baseball_10.png]
[pabanal.fr/wp-content/plugins/osm/icons/mic_black_basketb_10.png]
[pabanal.fr/wp-content/plugins/osm/icons/mic_black_beach_10.png]
[pabanal.fr/wp-content/plugins/osm/icons/mic_black_beer_10.png]
[pabanal.fr/wp-content/plugins/osm/icons/mic_black_bicycle_10.png]
[pabanal.fr/wp-content/plugins/osm/icons/mic_black_boatbridge_10.png]
[pabanal.fr/wp-content/plugins/osm/icons/mic_black_border_10.png]
[pabanal.fr/wp-content/plugins/osm/icons/mic_black_boxing_10.png]
[pabanal.fr/wp-content/plugins/osm/icons/mic_black_brental_10.png]
[pabanal.fr/wp-content/plugins/osm/icons/mic_black_bridge_10.png]
[pabanal.fr/wp-content/plugins/osm/icons/mic_black_building_10.png]
[pabanal.fr/wp-content/plugins/osm/icons/mic_black_bus_10.png]
[pabanal.fr/wp-content/plugins/osm/icons/mic_black_busstop_10.png]
[pabanal.fr/wp-content/plugins/osm/icons/mic_black_camera_01.png]
[pabanal.fr/wp-content/plugins/osm/icons/mic_black_camp_10.png]
[pabanal.fr/wp-content/plugins/osm/icons/mic_black_camp_11.png]
[pabanal.fr/wp-content/plugins/osm/icons/mic_black_camp_12.png]
[pabanal.fr/wp-content/plugins/osm/icons/mic_black_car_01.png]
[pabanal.fr/wp-content/plugins/osm/icons/mic_black_cardmoney_10.png]
[pabanal.fr/wp-content/plugins/osm/icons/mic_black_carnival_10.png]
[pabanal.fr/wp-content/plugins/osm/icons/mic_black_carno_10.png]
[pabanal.fr/wp-content/plugins/osm/icons/mic_black_cars_10.png]
[pabanal.fr/wp-content/plugins/osm/icons/mic_black_ccski_10.png]
[pabanal.fr/wp-content/plugins/osm/icons/mic_black_cctv_01.png]
[pabanal.fr/wp-content/plugins/osm/icons/mic_black_cemetary_10.png]
[pabanal.fr/wp-content/plugins/osm/icons/mic_black_champ_10.png]
[pabanal.fr/wp-content/plugins/osm/icons/mic_black_charger_10.png]
[pabanal.fr/wp-content/plugins/osm/icons/mic_black_check_10.png]
[pabanal.fr/wp-content/plugins/osm/icons/mic_black_chess_10.png]
[pabanal.fr/wp-content/plugins/osm/icons/mic_black_chute_10.png]
[pabanal.fr/wp-content/plugins/osm/icons/mic_black_cinema_10.png]
[pabanal.fr/wp-content/plugins/osm/icons/mic_black_citytrain_10.png]
[pabanal.fr/wp-content/plugins/osm/icons/mic_black_climbing_10.png]
[pabanal.fr/wp-content/plugins/osm/icons/mic_black_climbing_11.png]
[pabanal.fr/wp-content/plugins/osm/icons/mic_black_coffeshop_10.png]
[pabanal.fr/wp-content/plugins/osm/icons/mic_black_congress_10.png]
[pabanal.fr/wp-content/plugins/osm/icons/mic_black_court_10.png]
[pabanal.fr/wp-content/plugins/osm/icons/mic_black_crisisarea_10.png]
[pabanal.fr/wp-content/plugins/osm/icons/mic_black_cross_10.png]
[pabanal.fr/wp-content/plugins/osm/icons/mic_black_crossbike2_10.png]
[pabanal.fr/wp-content/plugins/osm/icons/mic_black_crossbike_10.png]
[pabanal.fr/wp-content/plugins/osm/icons/mic_black_crossing_10.png]
[pabanal.fr/wp-content/plugins/osm/icons/mic_black_cycling_10.png]
[pabanal.fr/wp-content/plugins/osm/icons/mic_black_darling_10.png]
[pabanal.fr/wp-content/plugins/osm/icons/mic_black_desert_10.png]
[pabanal.fr/wp-content/plugins/osm/icons/mic_black_diver2_10.png]
[pabanal.fr/wp-content/plugins/osm/icons/mic_black_diver_10.png]
[pabanal.fr/wp-content/plugins/osm/icons/mic_black_doc_10.png]
[pabanal.fr/wp-content/plugins/osm/icons/mic_black_drinkwater_10.png]
[pabanal.fr/wp-content/plugins/osm/icons/mic_black_drone_10.png]
[pabanal.fr/wp-content/plugins/osm/icons/mic_black_embassy_10.png]
[pabanal.fr/wp-content/plugins/osm/icons/mic_black_energy_10.png]
[pabanal.fr/wp-content/plugins/osm/icons/mic_black_fasting_10.png]
[pabanal.fr/wp-content/plugins/osm/icons/mic_black_ferry_10.png]
[pabanal.fr/wp-content/plugins/osm/icons/mic_black_firstaid_10.png]
[pabanal.fr/wp-content/plugins/osm/icons/mic_black_fishing_10.png]
[pabanal.fr/wp-content/plugins/osm/icons/mic_black_flowers_10.png]
[pabanal.fr/wp-content/plugins/osm/icons/mic_black_football_10.png]
[pabanal.fr/wp-content/plugins/osm/icons/mic_black_forbidden_10.png]
[pabanal.fr/wp-content/plugins/osm/icons/mic_black_forbidden_11.png]
[pabanal.fr/wp-content/plugins/osm/icons/mic_black_funpark_10.png]
[pabanal.fr/wp-content/plugins/osm/icons/mic_black_g6269_10.png]
[pabanal.fr/wp-content/plugins/osm/icons/mic_black_g10088_10.png]
[pabanal.fr/wp-content/plugins/osm/icons/mic_black_g21090_10.png]
[pabanal.fr/wp-content/plugins/osm/icons/mic_black_gasstation_10.png]
[pabanal.fr/wp-content/plugins/osm/icons/mic_black_geocaching_10.png]
[pabanal.fr/wp-content/plugins/osm/icons/mic_black_goal_10.png]
[pabanal.fr/wp-content/plugins/osm/icons/mic_black_godhouse_10.png]
[pabanal.fr/wp-content/plugins/osm/icons/mic_black_graffity_10.png]
[pabanal.fr/wp-content/plugins/osm/icons/mic_black_grandprix_10.png]
[pabanal.fr/wp-content/plugins/osm/icons/mic_black_handball_10.png]
[pabanal.fr/wp-content/plugins/osm/icons/mic_black_harbor_10.png]
[pabanal.fr/wp-content/plugins/osm/icons/mic_black_hardrock_10.png]
[pabanal.fr/wp-content/plugins/osm/icons/mic_black_healer_10.png]
[pabanal.fr/wp-content/plugins/osm/icons/mic_black_heart_01.png]
[pabanal.fr/wp-content/plugins/osm/icons/mic_black_helicopter_10.png]
[pabanal.fr/wp-content/plugins/osm/icons/mic_black_highschool_10.png]
[pabanal.fr/wp-content/plugins/osm/icons/mic_black_highway_10.png]
[pabanal.fr/wp-content/plugins/osm/icons/mic_black_hockey_10.png]
[pabanal.fr/wp-content/plugins/osm/icons/mic_black_hospital_10.png]
[pabanal.fr/wp-content/plugins/osm/icons/mic_black_hut_10.png]
[pabanal.fr/wp-content/plugins/osm/icons/mic_black_hymering_10.png]
[pabanal.fr/wp-content/plugins/osm/icons/mic_black_icefish_10.png]
[pabanal.fr/wp-content/plugins/osm/icons/mic_black_icehok_10.png]
[pabanal.fr/wp-content/plugins/osm/icons/mic_black_iceskate_10.png]
[pabanal.fr/wp-content/plugins/osm/icons/mic_black_industry_10.png]
[pabanal.fr/wp-content/plugins/osm/icons/mic_black_infopoint_10.png]
[pabanal.fr/wp-content/plugins/osm/icons/mic_black_jailhouse_10.png]
[pabanal.fr/wp-content/plugins/osm/icons/mic_black_library_10.png]
[pabanal.fr/wp-content/plugins/osm/icons/mic_black_light_10.png]
[pabanal.fr/wp-content/plugins/osm/icons/mic_black_limit_10.png]
[pabanal.fr/wp-content/plugins/osm/icons/mic_black_marathon_10.png]
[pabanal.fr/wp-content/plugins/osm/icons/mic_black_market_10.png]
[pabanal.fr/wp-content/plugins/osm/icons/mic_black_military_10.png]
[pabanal.fr/wp-content/plugins/osm/icons/mic_black_mobile_10.png]
[pabanal.fr/wp-content/plugins/osm/icons/mic_black_monument_10.png]
[pabanal.fr/wp-content/plugins/osm/icons/mic_black_mosque_10.png]
[pabanal.fr/wp-content/plugins/osm/icons/mic_black_museum_10.png]
[pabanal.fr/wp-content/plugins/osm/icons/mic_black_nardicwalk_10.png]
[pabanal.fr/wp-content/plugins/osm/icons/mic_black_nature_10.png]
[pabanal.fr/wp-content/plugins/osm/icons/mic_black_netcoffee_10.png]
[pabanal.fr/wp-content/plugins/osm/icons/mic_black_nicolastation_10.png]
[pabanal.fr/wp-content/plugins/osm/icons/mic_black_nodrone_10.png]
[pabanal.fr/wp-content/plugins/osm/icons/mic_black_noenergy_10.png]
[pabanal.fr/wp-content/plugins/osm/icons/mic_black_nolan_10.png]
[pabanal.fr/wp-content/plugins/osm/icons/mic_black_nolight_10.png]
[pabanal.fr/wp-content/plugins/osm/icons/mic_black_nomobile_10.png]
[pabanal.fr/wp-content/plugins/osm/icons/mic_black_nudebeach_10.png]
[pabanal.fr/wp-content/plugins/osm/icons/mic_black_observ_10.png]
[pabanal.fr/wp-content/plugins/osm/icons/mic_black_olymp2_10.png]
[pabanal.fr/wp-content/plugins/osm/icons/mic_black_olymp_10.png]
[pabanal.fr/wp-content/plugins/osm/icons/mic_black_olymphouse_10.png]
[pabanal.fr/wp-content/plugins/osm/icons/mic_black_paraglide_10.png]
[pabanal.fr/wp-content/plugins/osm/icons/mic_black_parking_10.png]
[pabanal.fr/wp-content/plugins/osm/icons/mic_black_parking_bicycle-2_01.png]
[pabanal.fr/wp-content/plugins/osm/icons/mic_black_parkride_10.png]
[pabanal.fr/wp-content/plugins/osm/icons/mic_black_pharmacy_10.png]
[pabanal.fr/wp-content/plugins/osm/icons/mic_black_pinother_02.png]
[pabanal.fr/wp-content/plugins/osm/icons/mic_black_playyard_10.png]
[pabanal.fr/wp-content/plugins/osm/icons/mic_black_police_10.png]
[pabanal.fr/wp-content/plugins/osm/icons/mic_black_postoffice_10.png]
[pabanal.fr/wp-content/plugins/osm/icons/mic_black_pov_10.png]
[pabanal.fr/wp-content/plugins/osm/icons/mic_black_powerplant_01.png]
[pabanal.fr/wp-content/plugins/osm/icons/mic_black_pubview_10.png]
[pabanal.fr/wp-content/plugins/osm/icons/mic_black_radiotele_10.png]
[pabanal.fr/wp-content/plugins/osm/icons/mic_black_railroad_10.png]
[pabanal.fr/wp-content/plugins/osm/icons/mic_black_rambler_10.png]
[pabanal.fr/wp-content/plugins/osm/icons/mic_black_redlight_10.png]
[pabanal.fr/wp-content/plugins/osm/icons/mic_black_remote_10.png]
[pabanal.fr/wp-content/plugins/osm/icons/mic_black_rent_10.png]
[pabanal.fr/wp-content/plugins/osm/icons/mic_black_rentbike_10.png]
[pabanal.fr/wp-content/plugins/osm/icons/mic_black_renting_10.png]
[pabanal.fr/wp-content/plugins/osm/icons/mic_black_rescheli_10.png]
[pabanal.fr/wp-content/plugins/osm/icons/mic_black_restaurant_10.png]
[pabanal.fr/wp-content/plugins/osm/icons/mic_black_ride_10.png]
[pabanal.fr/wp-content/plugins/osm/icons/mic_black_roller_10.png]
[pabanal.fr/wp-content/plugins/osm/icons/mic_black_ropeway_10.png]
[pabanal.fr/wp-content/plugins/osm/icons/mic_black_runner_10.png]
[pabanal.fr/wp-content/plugins/osm/icons/mic_black_sail_10.png]
[pabanal.fr/wp-content/plugins/osm/icons/mic_black_sailing2_10.png]
[pabanal.fr/wp-content/plugins/osm/icons/mic_black_science_10.png]
[pabanal.fr/wp-content/plugins/osm/icons/mic_black_seaworld_10.png]
[pabanal.fr/wp-content/plugins/osm/icons/mic_black_service_10.png]
[pabanal.fr/wp-content/plugins/osm/icons/mic_black_shopping_10.png]
[pabanal.fr/wp-content/plugins/osm/icons/mic_black_skatboard_10.png]
[pabanal.fr/wp-content/plugins/osm/icons/mic_black_skijump_10.png]
[pabanal.fr/wp-content/plugins/osm/icons/mic_black_smoker_10.png]
[pabanal.fr/wp-content/plugins/osm/icons/mic_black_snow_10.png]
[pabanal.fr/wp-content/plugins/osm/icons/mic_black_soccer_10.png]
[pabanal.fr/wp-content/plugins/osm/icons/mic_black_spotfield_10.png]
[pabanal.fr/wp-content/plugins/osm/icons/mic_black_start_10.png]
[pabanal.fr/wp-content/plugins/osm/icons/mic_black_steamtrain_01.png]
[pabanal.fr/wp-content/plugins/osm/icons/mic_black_stop_10.png]
[pabanal.fr/wp-content/plugins/osm/icons/mic_black_sub_10.png]
[pabanal.fr/wp-content/plugins/osm/icons/mic_black_subway_10.png]
[pabanal.fr/wp-content/plugins/osm/icons/mic_black_surfer_10.png]
[pabanal.fr/wp-content/plugins/osm/icons/mic_black_survival_10.png]
[pabanal.fr/wp-content/plugins/osm/icons/mic_black_swimmer_10.png]
[pabanal.fr/wp-content/plugins/osm/icons/mic_black_table_10.png]
[pabanal.fr/wp-content/plugins/osm/icons/mic_black_tennis_10.png]
[pabanal.fr/wp-content/plugins/osm/icons/mic_black_theater_10.png]
[pabanal.fr/wp-content/plugins/osm/icons/mic_black_tomb_10.png]
[pabanal.fr/wp-content/plugins/osm/icons/mic_black_townhall_10.png]
[pabanal.fr/wp-content/plugins/osm/icons/mic_black_train_01.png]
[pabanal.fr/wp-content/plugins/osm/icons/mic_black_train_10.png]
[pabanal.fr/wp-content/plugins/osm/icons/mic_black_triathlon_10.png]
[pabanal.fr/wp-content/plugins/osm/icons/mic_black_turbine_10.png]
[pabanal.fr/wp-content/plugins/osm/icons/mic_black_undergr_10.png]
[pabanal.fr/wp-content/plugins/osm/icons/mic_black_walker_10.png]
[pabanal.fr/wp-content/plugins/osm/icons/mic_black_wastewater_10.png]
[pabanal.fr/wp-content/plugins/osm/icons/mic_black_waterball_10.png]
[pabanal.fr/wp-content/plugins/osm/icons/mic_black_waterhole_10.png]
[pabanal.fr/wp-content/plugins/osm/icons/mic_black_waters_10.png]
[pabanal.fr/wp-content/plugins/osm/icons/mic_black_wifi_10.png]
[pabanal.fr/wp-content/plugins/osm/icons/mic_black_wifino_10.png]
[pabanal.fr/wp-content/plugins/osm/icons/mic_black_windsurf_10.png]
[pabanal.fr/wp-content/plugins/osm/icons/mic_black_wine_10.png]
[pabanal.fr/wp-content/plugins/osm/icons/mic_black_xgames_10.png]
[pabanal.fr/wp-content/plugins/osm/icons/mic_black_xgames_11.png]
[pabanal.fr/wp-content/plugins/osm/icons/mic_black_yoga_10.png]
[pabanal.fr/wp-content/plugins/osm/icons/mic_black_youthhostel_10.png]
[pabanal.fr/wp-content/plugins/osm/icons/mic_black_zoo_10.png]
[pabanal.fr/wp-content/plugins/osm/icons/mic_blue_bridge_old_01.png]
[pabanal.fr/wp-content/plugins/osm/icons/mic_blue_bridge_old_01_.png]
[pabanal.fr/wp-content/plugins/osm/icons/mic_blue_cycling_01.png]
[pabanal.fr/wp-content/plugins/osm/icons/mic_blue_drinkingwater_01.png]
[pabanal.fr/wp-content/plugins/osm/icons/mic_blue_empty_01.png]
[pabanal.fr/wp-content/plugins/osm/icons/mic_blue_horseriding_01.png]
[pabanal.fr/wp-content/plugins/osm/icons/mic_blue_information_01.png]
[pabanal.fr/wp-content/plugins/osm/icons/mic_blue_lighthouse-2_01.png]
[pabanal.fr/wp-content/plugins/osm/icons/mic_blue_mobilephonetower_01.png]
[pabanal.fr/wp-content/plugins/osm/icons/mic_blue_pinother_02.png]
[pabanal.fr/wp-content/plugins/osm/icons/mic_blue_scubadiving_01.png]
[pabanal.fr/wp-content/plugins/osm/icons/mic_blue_shower_01.png]
[pabanal.fr/wp-content/plugins/osm/icons/mic_blue_ski_tour_01.png]
[pabanal.fr/wp-content/plugins/osm/icons/mic_blue_toilets_01.png]
[pabanal.fr/wp-content/plugins/osm/icons/mic_blue_toilets_disability_01.png]
[pabanal.fr/wp-content/plugins/osm/icons/mic_brown_car_01.png]
[pabanal.fr/wp-content/plugins/osm/icons/mic_brown_fillingstation_01.png]
[pabanal.fr/wp-content/plugins/osm/icons/mic_brown_harbor_01.png]
[pabanal.fr/wp-content/plugins/osm/icons/mic_brown_parking_01.png]
[pabanal.fr/wp-content/plugins/osm/icons/mic_green_audio_01.png]
[pabanal.fr/wp-content/plugins/osm/icons/mic_green_car_01.png]
[pabanal.fr/wp-content/plugins/osm/icons/mic_green_caravan_01.png]
[pabanal.fr/wp-content/plugins/osm/icons/mic_green_horseriding_01.png]
[pabanal.fr/wp-content/plugins/osm/icons/mic_green_hut_01.png]
[pabanal.fr/wp-content/plugins/osm/icons/mic_green_hut_02.png]
[pabanal.fr/wp-content/plugins/osm/icons/mic_green_icecream_01.png]
[pabanal.fr/wp-content/plugins/osm/icons/mic_green_palm-tree-export_01.png]
[pabanal.fr/wp-content/plugins/osm/icons/mic_green_pinother_02.png]
[pabanal.fr/wp-content/plugins/osm/icons/mic_green_restaurant_02.png]
[pabanal.fr/wp-content/plugins/osm/icons/mic_green_tent_01.png]
[pabanal.fr/wp-content/plugins/osm/icons/mic_green_vineyard-2_01.png]
[pabanal.fr/wp-content/plugins/osm/icons/mic_green_vw_t3_01.png]
[pabanal.fr/wp-content/plugins/osm/icons/mic_orange_archery_01.png]
[pabanal.fr/wp-content/plugins/osm/icons/mic_orange_audio_01.png]
[pabanal.fr/wp-content/plugins/osm/icons/mic_orange_climbing_01.png]
[pabanal.fr/wp-content/plugins/osm/icons/mic_orange_fishing_01.png]
[pabanal.fr/wp-content/plugins/osm/icons/mic_orange_hiking_01.png]
[pabanal.fr/wp-content/plugins/osm/icons/mic_orange_motorbike_01.png]
[pabanal.fr/wp-content/plugins/osm/icons/mic_orange_sailing_1.png]
[pabanal.fr/wp-content/plugins/osm/icons/mic_orange_van_01.png]
[pabanal.fr/wp-content/plugins/osm/icons/mic_red_pinother_02.png]
[pabanal.fr/wp-content/plugins/osm/icons/mic_red_pirates_01.png]
[pabanal.fr/wp-content/plugins/osm/icons/mic_red_pizzaria_01.png]
[pabanal.fr/wp-content/plugins/osm/icons/motorbike.png]
[pabanal.fr/wp-content/plugins/osm/icons/restaurant.png]
[pabanal.fr/wp-content/plugins/osm/icons/services.png]
[pabanal.fr/wp-content/plugins/osm/icons/styria_linux.png]
[pabanal.fr/wp-content/plugins/osm/icons/toilets.png]
[pabanal.fr/wp-content/plugins/osm/icons/wpttemp-blue.png]
[pabanal.fr/wp-content/plugins/osm/icons/wpttemp-green.png]
[pabanal.fr/wp-content/plugins/osm/icons/wpttemp-red.png]
[pabanal.fr/wp-content/plugins/osm/icons/wpttemp-yellow.png]
[pabanal.fr/wp-content/plugins/osm/icons/index.html]
[pabanal.fr/wp-content/plugins/osm/images/Company_01.jpg]
[pabanal.fr/wp-content/plugins/osm/images/marker_cluster_01.png]
[pabanal.fr/wp-content/plugins/osm/images/indexbfec.html]
[pabanal.fr/wp-content/plugins/osm/images/indexc052.html]
[pabanal.fr/wp-content/plugins/osm/images/indexf8a0.html]
[pabanal.fr/wp-content/plugins/osm/images/index30b5.html]
[pabanal.fr/wp-content/plugins/osm/images/marker_standard_01.png]
[pabanal.fr/wp-content/plugins/osm/images/index.html]
[pabanal.fr/wp-content/plugins/osm/js/indexc052.html]
[pabanal.fr/wp-content/plugins/osm/js/osm-metabox.js]
[pabanal.fr/wp-content/plugins/osm/js/index.html]
[pabanal.fr/wp-content/plugins/osm/js/osm-plugin-lib.js]
[pabanal.fr/wp-content/plugins/osm/js/indexf8a0.html]
[pabanal.fr/wp-content/plugins/osm/js/indexbfec.html]
[pabanal.fr/wp-content/plugins/osm/js/index30b5.html]
[pabanal.fr/wp-content/plugins/osm/js/OSM/index.html]
[pabanal.fr/wp-content/plugins/osm/js/OL/index.html]
[pabanal.fr/wp-content/plugins/osm/js/OSeaM/index.html]
[pabanal.fr/wp-content/plugins/osm/js/polyfill/index.html]
[pabanal.fr/wp-content/plugins/osm/languages/indexbfec.html]
[pabanal.fr/wp-content/plugins/osm/languages/indexf8a0.html]
[pabanal.fr/wp-content/plugins/osm/languages/indexc052.html]
[pabanal.fr/wp-content/plugins/osm/languages/index30b5.html]
[pabanal.fr/wp-content/plugins/osm/languages/OSM.ppt]
[pabanal.fr/wp-content/plugins/osm/languages/index.html]
[pabanal.fr/wp-content/plugins/osm/osm-args-class.html]
[pabanal.fr/wp-content/plugins/osm/osm-icon-class.html]
[pabanal.fr/wp-content/plugins/osm/osm-import.html]
[pabanal.fr/wp-content/plugins/osm/osm-maptype-select.html]
[pabanal.fr/wp-content/plugins/osm/osm-marker-tagged-select.html]
[pabanal.fr/wp-content/plugins/osm/osm-metabox.html]
[pabanal.fr/wp-content/plugins/osm/osm-metabox_v4.html]
[pabanal.fr/wp-content/plugins/osm/osm_map/osm-icon.html]
[pabanal.fr/wp-content/plugins/osm/osm_map/indexc052.html]
[pabanal.fr/wp-content/plugins/osm/osm_map/osm-oljs2.html]
[pabanal.fr/wp-content/plugins/osm/osm_map/osm-oljs2_v4.html]
[pabanal.fr/wp-content/plugins/osm/osm_map/indexf8a0.html]
[pabanal.fr/wp-content/plugins/osm/osm_map/index.html]
[pabanal.fr/wp-content/plugins/osm/osm_map/indexbfec.html]
[pabanal.fr/wp-content/plugins/osm/osm_map_v3/osm-oljs3.html]
[pabanal.fr/wp-content/plugins/osm/osm_map/index30b5.html]
[pabanal.fr/wp-content/plugins/osm/osm_map_v3/index.html]
[pabanal.fr/wp-content/plugins/osm/themes/index.html]
[pabanal.fr/wp-content/plugins/osm/uninstall.html]
[localhost/pabanal/wp-content/uploads/2020/06/oak-texture.jpg]
[pabanal.fr/wp-content/plugins/osm/osm_map_v3/indexbfec.html]
[pabanal.fr/wp-content/plugins/osm/indexb70a.html]
[pabanal.fr/wp-content/plugins/osm/osm_map_v3/indexc052.html]
[pabanal.fr/wp-content/plugins/osm/osm_map_v3/index30b5.html]
[pabanal.fr/wp-content/plugins/osm/osm_map_v3/indexf8a0.html]
[pabanal.fr/wp-content/plugins/osm/index72c9.html]
[pabanal.fr/wp-content/plugins/osm/themes/indexc052.html]
[pabanal.fr/wp-content/plugins/osm/themes/index30b5.html]
[pabanal.fr/wp-content/plugins/osm/index5851.html]
[pabanal.fr/wp-content/plugins/osm/themes/indexf8a0.html]
[pabanal.fr/wp-content/plugins/osm/themes/indexbfec.html]
[pabanal.fr/wp-content/plugins/osm/indexad3f.html]
[pabanal.fr/wp-content/plugins/osm/css/indexc052.html]
[pabanal.fr/wp-content/plugins/osm/themes/dark/index.html]
[pabanal.fr/wp-content/plugins/osm/css/indexf8a0.html]
[pabanal.fr/wp-content/plugins/osm/themes/ol/index.html]
[pabanal.fr/wp-content/plugins/osm/css/indexbfec.html]
[pabanal.fr/wp-content/plugins/osm/themes/ol_orange/index.html]
[pabanal.fr/wp-content/plugins/osm/css/index30b5.html]
[pabanal.fr/wp-content/plugins/osm/css/indexb70a.html]
[pabanal.fr/wp-content/plugins/osm/examples/indexc052.html]
[pabanal.fr/wp-content/plugins/osm/css/index72c9.html]
[pabanal.fr/wp-content/plugins/osm/examples/indexf8a0.html]
[pabanal.fr/wp-content/plugins/osm/css/index5851.html]
[pabanal.fr/wp-content/plugins/osm/examples/indexbfec.html]
[pabanal.fr/wp-content/plugins/osm/css/indexad3f.html]
[pabanal.fr/wp-content/plugins/osm/examples/index30b5.html]
[pabanal.fr/wp-content/plugins/osm/examples/indexb70a.html]
[pabanal.fr/wp-content/plugins/osm/examples/DoNotSaveYourFilesHere.html]
[pabanal.fr/wp-content/plugins/osm/icons/indexc052.html]
[pabanal.fr/wp-content/plugins/osm/icons/indexb70a.html]
[pabanal.fr/wp-content/plugins/osm/icons/indexf8a0.html]
[pabanal.fr/wp-content/plugins/osm/icons/index72c9.html]
[pabanal.fr/wp-content/plugins/osm/icons/indexbfec.html]
[pabanal.fr/wp-content/plugins/osm/examples/index72c9.html]
[pabanal.fr/wp-content/plugins/osm/icons/index30b5.html]
[pabanal.fr/wp-content/plugins/osm/examples/index5851.html]
[pabanal.fr/wp-content/plugins/osm/images/indexc052.html]
[pabanal.fr/wp-content/plugins/osm/examples/indexad3f.html]
[pabanal.fr/wp-content/plugins/osm/images/indexf8a0.html]
[pabanal.fr/wp-content/plugins/osm/icons/index5851.html]
[pabanal.fr/wp-content/plugins/osm/images/indexbfec.html]
[pabanal.fr/wp-content/plugins/osm/icons/indexad3f.html]
[pabanal.fr/wp-content/plugins/osm/images/index30b5.html]
[pabanal.fr/wp-content/plugins/osm/images/indexb70a.html]
[pabanal.fr/wp-content/plugins/osm/js/indexc052.html]
[pabanal.fr/wp-content/plugins/osm/images/index72c9.html]
[pabanal.fr/wp-content/plugins/osm/js/indexf8a0.html]
[pabanal.fr/wp-content/plugins/osm/images/index5851.html]
[pabanal.fr/wp-content/plugins/osm/js/indexbfec.html]
[pabanal.fr/wp-content/plugins/osm/images/indexad3f.html]
[pabanal.fr/wp-content/plugins/osm/js/index30b5.html]
[pabanal.fr/wp-content/plugins/osm/js/indexb70a.html]
[pabanal.fr/wp-content/plugins/osm/js/OL/index.html]
[pabanal.fr/wp-content/plugins/osm/js/index72c9.html]
[pabanal.fr/wp-content/plugins/osm/js/OSM/index.html]
[pabanal.fr/wp-content/plugins/osm/js/index5851.html]
[pabanal.fr/wp-content/plugins/osm/js/indexad3f.html]
[pabanal.fr/wp-content/plugins/osm/js/OL/indexc052.html]
[pabanal.fr/wp-content/plugins/osm/js/OL/indexf8a0.html]
[pabanal.fr/wp-content/plugins/osm/js/OL/indexbfec.html]
[pabanal.fr/wp-content/plugins/osm/js/OL/index30b5.html]
[pabanal.fr/wp-content/plugins/osm/js/OL/2.13.1/index.html]
[pabanal.fr/wp-content/plugins/osm/js/OSeaM/harbours.js]
[pabanal.fr/wp-content/plugins/osm/js/OL/6.3.1/index.html]
[pabanal.fr/wp-content/plugins/osm/js/OSeaM/map_utils.js]
[pabanal.fr/wp-content/plugins/osm/js/OSeaM/utilities.js]
[pabanal.fr/wp-content/plugins/osm/js/OSeaM/index.html]
[pabanal.fr/wp-content/plugins/osm/js/polyfill/index.html]
[pabanal.fr/wp-content/plugins/osm/languages/indexc052.html]
[pabanal.fr/wp-content/plugins/osm/languages/indexf8a0.html]
[pabanal.fr/wp-content/plugins/osm/js/OL/6.4.3/index.html]
[pabanal.fr/wp-content/plugins/osm/languages/indexbfec.html]
[pabanal.fr/wp-content/plugins/osm/js/OSM/indexc052.html]
[pabanal.fr/wp-content/plugins/osm/js/OSM/indexf8a0.html]
[pabanal.fr/wp-content/plugins/osm/languages/index30b5.html]
[pabanal.fr/wp-content/plugins/osm/js/OSM/indexbfec.html]
[pabanal.fr/wp-content/plugins/osm/js/OSM/index30b5.html]
[pabanal.fr/wp-content/plugins/osm/languages/OSM-de_DE.html]
[pabanal.fr/wp-content/plugins/osm/js/OSM/openlayers/index.html]
[pabanal.fr/wp-content/plugins/osm/js/OSeaM/indexc052.html]
[pabanal.fr/wp-content/plugins/osm/js/OSeaM/indexf8a0.html]
[pabanal.fr/wp-content/plugins/osm/languages/OSM-de_DE-2.html]
[pabanal.fr/wp-content/plugins/osm/js/OSeaM/indexbfec.html]
[pabanal.fr/wp-content/plugins/osm/languages/OSM-es_ES.html]
[pabanal.fr/wp-content/plugins/osm/js/OSeaM/index30b5.html]
[pabanal.fr/wp-content/plugins/osm/languages/OSM-es_ES-2.html]
[pabanal.fr/wp-content/plugins/osm/js/polyfill/indexc052.html]
[pabanal.fr/wp-content/plugins/osm/js/polyfill/indexf8a0.html]
[pabanal.fr/wp-content/plugins/osm/languages/OSM-fr_FR.html]
[pabanal.fr/wp-content/plugins/osm/js/polyfill/indexbfec.html]
[pabanal.fr/wp-content/plugins/osm/languages/OSM-fr_FR-2.html]
[pabanal.fr/wp-content/plugins/osm/js/polyfill/index30b5.html]
[pabanal.fr/wp-content/plugins/osm/js/polyfill/v2/index.html]
[pabanal.fr/wp-content/plugins/osm/languages/OSM-it_IT.html]
[pabanal.fr/wp-content/plugins/osm/languages/indexb70a.html]
[pabanal.fr/wp-content/plugins/osm/languages/OSM-it_IT-2.html]
[pabanal.fr/wp-content/plugins/osm/languages/OSM-ja_JP.html]
[pabanal.fr/wp-content/plugins/osm/languages/OSM-ro_RO.html]
[pabanal.fr/wp-content/plugins/osm/languages/OSM-ro_RO-2.html]
[pabanal.fr/wp-content/plugins/osm/languages/OSM-ru_RU.html]
[pabanal.fr/wp-content/plugins/osm/languages/index72c9.html]
[pabanal.fr/wp-content/plugins/osm/languages/index5851.html]
[pabanal.fr/wp-content/plugins/osm/languages/OSM-ru_RU-2.html]
[pabanal.fr/wp-content/plugins/osm/languages/OSM-sv_SE.html]
[pabanal.fr/wp-content/plugins/osm/languages/indexad3f.html]
[pabanal.fr/wp-content/plugins/osm/languages/OSM-sv_SE-2.html]
[pabanal.fr/wp-content/plugins/osm/OSM_PLUGIN_ICONS_URL/mic_black_pinother_02.html]
[pabanal.fr/wp-content/plugins/osm/mic_red_pinother_02.html]
[pabanal.fr/wp-content/plugins/osm/OSM_PLUGIN_ICONS_URL/mic_red_pinother_02.html]
[pabanal.fr/wp-content/plugins/osm/mic_green_pinother_02.html]
[pabanal.fr/wp-content/plugins/osm/OSM_PLUGIN_ICONS_URL/mic_green_pinother_02.html]
[pabanal.fr/wp-content/plugins/osm/mic_blue_pinother_02.html]
[pabanal.fr/wp-content/plugins/osm/OSM_PLUGIN_ICONS_URL/mic_blue_pinother_02.html]
[pabanal.fr/wp-content/plugins/osm/osm_map/indexc052.html]
[pabanal.fr/wp-content/plugins/osm/osm_map/indexf8a0.html]
[pabanal.fr/wp-content/plugins/osm/osm_map/indexbfec.html]
[pabanal.fr/wp-content/plugins/osm/osm_map/index30b5.html]
[pabanal.fr/wp-content/plugins/osm/osm_map/indexb70a.html]
[pabanal.fr/wp-content/plugins/osm/osm_map/osm-icon.html]
[pabanal.fr/wp-content/plugins/osm/osm_map/osm-oljs2.html]
[pabanal.fr/wp-content/plugins/osm/osm_map/osm-oljs2_v4.html]
[pabanal.fr/wp-content/plugins/osm/osm_map/indexad3f.html]
[pabanal.fr/wp-content/plugins/osm/osm_map_v3/indexc052.html]
[pabanal.fr/wp-content/plugins/osm/osm_map/index72c9.html]
[pabanal.fr/wp-content/plugins/osm/osm_map_v3/indexf8a0.html]
[pabanal.fr/wp-content/plugins/osm/osm_map/index5851.html]
[pabanal.fr/wp-content/plugins/osm/osm_map_v3/indexbfec.html]
[pabanal.fr/wp-content/plugins/osm/osm_map_v3/index30b5.html]
[pabanal.fr/wp-content/plugins/osm/osm_map_v3/index72c9.html]
[pabanal.fr/wp-content/plugins/osm/osm_map_v3/osm-oljs3.html]
[pabanal.fr/wp-content/plugins/osm/osm_map_v3/index5851.html]
[pabanal.fr/wp-content/plugins/osm/osm_map_v3/indexb70a.html]
[pabanal.fr/wp-content/plugins/osm/themes/indexc052.html]
[pabanal.fr/wp-content/plugins/osm/osm_map_v3/indexad3f.html]
[pabanal.fr/wp-content/plugins/osm/themes/indexf8a0.html]
[pabanal.fr/wp-content/plugins/osm/themes/indexbfec.html]
[pabanal.fr/wp-content/plugins/osm/themes/index30b5.html]
[pabanal.fr/wp-content/plugins/osm/themes/indexb70a.html]
[pabanal.fr/wp-content/plugins/osm/themes/index72c9.html]
[pabanal.fr/wp-content/plugins/osm/themes/index5851.html]
[pabanal.fr/wp-content/plugins/osm/themes/indexad3f.html]
[pabanal.fr/wp-content/plugins/osm/themes/dark/GPL.txt]
[pabanal.fr/wp-content/plugins/osm/themes/dark/indexc052.html]
[pabanal.fr/wp-content/plugins/osm/themes/dark/LICENSE.txt]
[pabanal.fr/wp-content/plugins/osm/themes/dark/blank.gif]
[pabanal.fr/wp-content/plugins/osm/themes/dark/cloud-popup-relative.png]
[pabanal.fr/wp-content/plugins/osm/themes/dark/indexf8a0.html]
[pabanal.fr/wp-content/plugins/osm/themes/dark/east-mini.png]
[pabanal.fr/wp-content/plugins/osm/themes/dark/layer-switcher-maximize.png]
[pabanal.fr/wp-content/plugins/osm/themes/dark/layer-switcher-minimize.png]
[pabanal.fr/wp-content/plugins/osm/themes/dark/north-mini.png]
[pabanal.fr/wp-content/plugins/osm/themes/dark/indexbfec.html]
[pabanal.fr/wp-content/plugins/osm/themes/dark/slider.png]
[pabanal.fr/wp-content/plugins/osm/themes/dark/south-mini.png]
[pabanal.fr/wp-content/plugins/osm/themes/dark/west-mini.png]
[pabanal.fr/wp-content/plugins/osm/themes/dark/zoom-minus-mini.png]
[pabanal.fr/wp-content/plugins/osm/themes/dark/zoom-panel.png]
[pabanal.fr/wp-content/plugins/osm/themes/dark/index30b5.html]
[pabanal.fr/wp-content/plugins/osm/themes/dark/zoom-plus-mini.png]
[pabanal.fr/wp-content/plugins/osm/themes/dark/zoom-world-mini.png]
[pabanal.fr/wp-content/plugins/osm/themes/dark/zoombar.png]
[pabanal.fr/wp-content/plugins/osm/themes/dark/index.html]
[pabanal.fr/wp-content/plugins/osm/themes/ol/cloud-popup-relative.png]
[pabanal.fr/wp-content/plugins/osm/themes/ol/indexc052.html]
[pabanal.fr/wp-content/plugins/osm/themes/ol/drag-rectangle-off.png]
[pabanal.fr/wp-content/plugins/osm/themes/ol/drag-rectangle-on.png]
[pabanal.fr/wp-content/plugins/osm/themes/ol/east-mini.png]
[pabanal.fr/wp-content/plugins/osm/themes/ol/indexf8a0.html]
[pabanal.fr/wp-content/plugins/osm/themes/ol/layer-switcher-maximize.png]
[pabanal.fr/wp-content/plugins/osm/themes/ol/layer-switcher-minimize.png]
[pabanal.fr/wp-content/plugins/osm/themes/ol/marker-blue.png]
[pabanal.fr/wp-content/plugins/osm/themes/ol/marker-gold.png]
[pabanal.fr/wp-content/plugins/osm/themes/ol/marker-green.png]
[pabanal.fr/wp-content/plugins/osm/themes/ol/indexbfec.html]
[pabanal.fr/wp-content/plugins/osm/themes/ol/marker.png]
[pabanal.fr/wp-content/plugins/osm/themes/ol/measuring-stick-off.png]
[pabanal.fr/wp-content/plugins/osm/themes/ol/measuring-stick-on.png]
[pabanal.fr/wp-content/plugins/osm/themes/ol/north-mini.png]
[pabanal.fr/wp-content/plugins/osm/themes/ol/index30b5.html]
[pabanal.fr/wp-content/plugins/osm/themes/ol/panning-hand-off.png]
[pabanal.fr/wp-content/plugins/osm/themes/ol/panning-hand-on.png]
[pabanal.fr/wp-content/plugins/osm/themes/ol/slider.png]
[pabanal.fr/wp-content/plugins/osm/themes/ol/south-mini.png]
[pabanal.fr/wp-content/plugins/osm/themes/ol/west-mini.png]
[pabanal.fr/wp-content/plugins/osm/themes/ol/zoom-minus-mini.png]
[pabanal.fr/wp-content/plugins/osm/themes/ol/zoom-plus-mini.png]
[pabanal.fr/wp-content/plugins/osm/themes/ol/zoom-world-mini.png]
[pabanal.fr/wp-content/plugins/osm/themes/ol/zoombar.png]
[pabanal.fr/wp-content/plugins/osm/themes/ol/index.html]
[pabanal.fr/wp-content/plugins/osm/themes/ol_orange/GPL.txt]
[pabanal.fr/wp-content/plugins/osm/themes/ol_orange/indexc052.html]
[pabanal.fr/wp-content/plugins/osm/themes/ol_orange/LICENSE.txt]
[pabanal.fr/wp-content/plugins/osm/themes/ol_orange/indexf8a0.html]
[pabanal.fr/wp-content/plugins/osm/themes/ol_orange/blank.gif]
[pabanal.fr/wp-content/plugins/osm/themes/ol_orange/cloud-popup-relative.png]
[pabanal.fr/wp-content/plugins/osm/themes/ol_orange/drag-rectangle-off.png]
[pabanal.fr/wp-content/plugins/osm/themes/ol_orange/drag-rectangle-on.png]
[pabanal.fr/wp-content/plugins/osm/themes/ol_orange/indexbfec.html]
[pabanal.fr/wp-content/plugins/osm/themes/ol_orange/east-mini.png]
[pabanal.fr/wp-content/plugins/osm/themes/ol_orange/layer-switcher-maximize.png]
[pabanal.fr/wp-content/plugins/osm/themes/ol_orange/layer-switcher-minimize.png]
[pabanal.fr/wp-content/plugins/osm/themes/ol_orange/marker-blue.png]
[pabanal.fr/wp-content/plugins/osm/themes/ol_orange/index30b5.html]
[pabanal.fr/wp-content/plugins/osm/themes/ol_orange/marker-gold.png]
[pabanal.fr/wp-content/plugins/osm/themes/ol_orange/marker-green.png]
[pabanal.fr/wp-content/plugins/osm/themes/ol_orange/marker.png]
[pabanal.fr/wp-content/plugins/osm/themes/ol_orange/measuring-stick-off.png]
[pabanal.fr/wp-content/plugins/osm/themes/ol_orange/measuring-stick-on.png]
[pabanal.fr/wp-content/plugins/osm/themes/ol_orange/north-mini.png]
[pabanal.fr/wp-content/plugins/osm/themes/ol_orange/panning-hand-off.png]
[pabanal.fr/wp-content/plugins/osm/themes/ol_orange/panning-hand-on.png]
[pabanal.fr/wp-content/plugins/osm/themes/ol_orange/slider.png]
[pabanal.fr/wp-content/plugins/osm/themes/ol_orange/south-mini.png]
[pabanal.fr/wp-content/plugins/osm/themes/ol_orange/west-mini.png]
[pabanal.fr/wp-content/plugins/osm/themes/ol_orange/zoom-minus-mini.png]
[pabanal.fr/wp-content/plugins/osm/themes/ol_orange/zoom-panel.png]
[pabanal.fr/wp-content/plugins/osm/themes/ol_orange/zoom-plus-mini.png]
[pabanal.fr/wp-content/plugins/osm/themes/ol_orange/zoom-world-mini.png]
[pabanal.fr/wp-content/plugins/osm/themes/ol_orange/zoombar.png]
[pabanal.fr/wp-content/plugins/osm/themes/ol_orange/index.html]
[pabanal.fr/wp-content/plugins/osm/css/indexb70a.html]
[pabanal.fr/wp-content/plugins/osm/css/index72c9.html]
[pabanal.fr/wp-content/plugins/osm/css/index5851.html]
[pabanal.fr/wp-content/plugins/osm/css/indexad3f.html]
[pabanal.fr/wp-content/plugins/osm/examples/indexb70a.html]
[pabanal.fr/wp-content/plugins/osm/examples/index72c9.html]
[pabanal.fr/wp-content/plugins/osm/examples/index5851.html]
[pabanal.fr/wp-content/plugins/osm/examples/indexad3f.html]
[pabanal.fr/wp-content/plugins/osm/icons/indexb70a.html]
[pabanal.fr/wp-content/plugins/osm/icons/index72c9.html]
[pabanal.fr/wp-content/plugins/osm/icons/index5851.html]
[pabanal.fr/wp-content/plugins/osm/icons/indexad3f.html]
[pabanal.fr/wp-content/plugins/osm/images/indexb70a.html]
[pabanal.fr/wp-content/plugins/osm/images/index72c9.html]
[pabanal.fr/wp-content/plugins/osm/images/index5851.html]
[pabanal.fr/wp-content/plugins/osm/images/indexad3f.html]
[pabanal.fr/wp-content/plugins/osm/js/indexb70a.html]
[pabanal.fr/wp-content/plugins/osm/js/index72c9.html]
[pabanal.fr/wp-content/plugins/osm/js/index5851.html]
[pabanal.fr/wp-content/plugins/osm/js/indexad3f.html]
[pabanal.fr/wp-content/plugins/osm/js/OL/indexc052.html]
[pabanal.fr/wp-content/plugins/osm/js/OL/indexf8a0.html]
[pabanal.fr/wp-content/plugins/osm/js/OL/indexbfec.html]
[pabanal.fr/wp-content/plugins/osm/js/OL/index30b5.html]
[pabanal.fr/wp-content/plugins/osm/js/OL/indexad3f.html]
[pabanal.fr/wp-content/plugins/osm/js/OL/indexb70a.html]
[pabanal.fr/wp-content/plugins/osm/js/OL/index72c9.html]
[pabanal.fr/wp-content/plugins/osm/js/OL/index5851.html]
[pabanal.fr/wp-content/plugins/osm/js/OL/2.13.1/OpenLayers.js]
[pabanal.fr/wp-content/plugins/osm/js/OL/2.13.1/indexc052.html]
[pabanal.fr/wp-content/plugins/osm/js/OL/2.13.1/indexf8a0.html]
[pabanal.fr/wp-content/plugins/osm/js/OL/2.13.1/indexbfec.html]
[pabanal.fr/wp-content/plugins/osm/js/OL/2.13.1/index30b5.html]
[pabanal.fr/wp-content/plugins/osm/js/OL/2.13.1/authors.txt]
[pabanal.fr/wp-content/plugins/osm/js/OL/2.13.1/license.txt]
[pabanal.fr/wp-content/plugins/osm/js/OL/2.13.1/index.html]
[pabanal.fr/wp-content/plugins/osm/js/OL/6.3.1/index.html]
[pabanal.fr/wp-content/plugins/osm/js/OL/6.4.3/index.html]
[pabanal.fr/wp-content/plugins/osm/js/OL/2.13.1/img/index.html]
[pabanal.fr/wp-content/plugins/osm/js/OL/2.13.1/theme/index.html]
[pabanal.fr/wp-content/plugins/osm/js/OSM/indexc052.html]
[pabanal.fr/wp-content/plugins/osm/js/OL/6.3.1/indexc052.html]
[pabanal.fr/wp-content/plugins/osm/js/OL/6.3.1/indexf8a0.html]
[pabanal.fr/wp-content/plugins/osm/js/OL/6.3.1/indexbfec.html]
[pabanal.fr/wp-content/plugins/osm/js/OSM/indexf8a0.html]
[pabanal.fr/wp-content/plugins/osm/js/OL/6.3.1/index30b5.html]
[pabanal.fr/wp-content/plugins/osm/js/OL/6.3.1/css/index.html]
[pabanal.fr/wp-content/plugins/osm/js/OL/6.4.3/indexc052.html]
[pabanal.fr/wp-content/plugins/osm/js/OSM/indexbfec.html]
[pabanal.fr/wp-content/plugins/osm/js/OSM/index30b5.html]
[pabanal.fr/wp-content/plugins/osm/js/OL/6.4.3/indexf8a0.html]
[pabanal.fr/wp-content/plugins/osm/js/OL/6.4.3/indexbfec.html]
[pabanal.fr/wp-content/plugins/osm/js/OL/6.4.3/index30b5.html]
[pabanal.fr/wp-content/plugins/osm/js/OSM/indexb70a.html]
[pabanal.fr/wp-content/plugins/osm/js/OSM/index72c9.html]
[pabanal.fr/wp-content/plugins/osm/js/OSM/index5851.html]
[pabanal.fr/wp-content/plugins/osm/js/OSM/indexad3f.html]
[pabanal.fr/wp-content/plugins/osm/js/OSM/openlayers/OpenStreetMap.js]
[pabanal.fr/wp-content/plugins/osm/js/OSM/openlayers/index.html]
[pabanal.fr/wp-content/plugins/osm/js/OSeaM/indexc052.html]
[pabanal.fr/wp-content/plugins/osm/js/OSeaM/indexf8a0.html]
[pabanal.fr/wp-content/plugins/osm/js/OSM/openlayers/indexc052.html]
[pabanal.fr/wp-content/plugins/osm/js/OSeaM/indexbfec.html]
[pabanal.fr/wp-content/plugins/osm/js/OSM/openlayers/indexf8a0.html]
[pabanal.fr/wp-content/plugins/osm/js/OSM/openlayers/indexbfec.html]
[pabanal.fr/wp-content/plugins/osm/js/OSeaM/index30b5.html]
[pabanal.fr/wp-content/plugins/osm/js/OSM/openlayers/index30b5.html]
[pabanal.fr/wp-content/plugins/osm/js/OSeaM/indexb70a.html]
[pabanal.fr/wp-content/plugins/osm/js/polyfill/indexc052.html]
[pabanal.fr/wp-content/plugins/osm/js/OSeaM/index72c9.html]
[pabanal.fr/wp-content/plugins/osm/js/polyfill/indexf8a0.html]
[pabanal.fr/wp-content/plugins/osm/js/OSeaM/index5851.html]
[pabanal.fr/wp-content/plugins/osm/js/polyfill/indexbfec.html]
[pabanal.fr/wp-content/plugins/osm/js/OSeaM/indexad3f.html]
[pabanal.fr/wp-content/plugins/osm/js/polyfill/index30b5.html]
[pabanal.fr/wp-content/plugins/osm/js/polyfill/indexb70a.html]
[pabanal.fr/wp-content/plugins/osm/js/polyfill/index72c9.html]
[pabanal.fr/wp-content/plugins/osm/js/polyfill/index5851.html]
[pabanal.fr/wp-content/plugins/osm/js/polyfill/indexad3f.html]
[pabanal.fr/wp-content/plugins/osm/js/polyfill/v2/indexc052.html]
[pabanal.fr/wp-content/plugins/osm/js/polyfill/v2/indexf8a0.html]
[pabanal.fr/wp-content/plugins/osm/js/polyfill/v2/polyfill.min.js]
[pabanal.fr/wp-content/plugins/osm/js/polyfill/v2/index.html]
[pabanal.fr/wp-content/plugins/osm/languages/indexb70a.html]
[pabanal.fr/wp-content/plugins/osm/languages/index72c9.html]
[pabanal.fr/wp-content/plugins/osm/languages/index5851.html]
[pabanal.fr/wp-content/plugins/osm/languages/indexad3f.html]
[pabanal.fr/_%s/_.html]
[pabanal.fr/_%s_.html]
[pabanal.fr/wp-content/plugins/osm/osm-color-select.html]
[pabanal.fr/wp-content/plugins/osm/osm-config.html]
[pabanal.fr/wp-content/plugins/osm/osm-error-msg.html]
[pabanal.fr/wp-content/plugins/osm/osm-file-select.html]
[pabanal.fr/wp-content/plugins/osm/osm-marker-geotag-select.html]
[pabanal.fr/wp-content/plugins/osm/osm-marker-select.html]
[pabanal.fr/wp-content/plugins/osm/osm-options.html]
[pabanal.fr/wp-content/plugins/osm/osm-sc-info.html]
[pabanal.fr/wp-content/plugins/osm/osm-sc-osm_image.html]
[pabanal.fr/wp-content/plugins/osm/osm-theme-select.html]
[pabanal.fr/wp-content/plugins/osm/osm-widget.html]
[pabanal.fr/wp-content/plugins/osm/osm.html]
[pabanal.fr/wp-content/plugins/osm/osm_map/indexb70a.html]
[pabanal.fr/wp-content/plugins/osm/osm_map/index72c9.html]
[pabanal.fr/wp-content/plugins/osm/osm_map/index5851.html]
[pabanal.fr/wp-content/plugins/osm/osm_map/indexad3f.html]
[pabanal.fr/wp-content/plugins/osm/osm_map_v3/indexb70a.html]
[pabanal.fr/wp-content/plugins/osm/osm_map_v3/index72c9.html]
[pabanal.fr/wp-content/plugins/osm/osm_map_v3/index5851.html]
[pabanal.fr/wp-content/plugins/osm/osm_map_v3/indexad3f.html]
[pabanal.fr/wp-content/plugins/osm/js/polyfill/v2/indexbfec.html]
[pabanal.fr/wp-content/plugins/osm/js/polyfill/v2/index30b5.html]
[pabanal.fr/wp-content/plugins/osm/themes/indexb70a.html]
[pabanal.fr/wp-content/plugins/osm/themes/index72c9.html]
[pabanal.fr/wp-content/plugins/osm/themes/index5851.html]
[pabanal.fr/wp-content/plugins/osm/themes/indexad3f.html]
[pabanal.fr/wp-content/plugins/osm/themes/dark/indexc052.html]
[pabanal.fr/wp-content/plugins/osm/themes/dark/indexf8a0.html]
[pabanal.fr/wp-content/plugins/osm/themes/dark/indexbfec.html]
[pabanal.fr/wp-content/plugins/osm/themes/dark/index30b5.html]
[pabanal.fr/wp-content/plugins/osm/themes/dark/indexb70a.html]
[pabanal.fr/wp-content/plugins/osm/themes/ol/indexc052.html]
[pabanal.fr/wp-content/plugins/osm/themes/dark/index72c9.html]
[pabanal.fr/wp-content/plugins/osm/themes/dark/index5851.html]
[pabanal.fr/wp-content/plugins/osm/themes/ol/indexf8a0.html]
[pabanal.fr/wp-content/plugins/osm/themes/ol/indexbfec.html]
[pabanal.fr/wp-content/plugins/osm/themes/dark/indexad3f.html]
[pabanal.fr/wp-content/plugins/osm/themes/ol/index30b5.html]
[pabanal.fr/wp-content/plugins/osm/themes/ol/indexb70a.html]
[pabanal.fr/wp-content/plugins/osm/themes/ol_orange/indexc052.html]
[pabanal.fr/wp-content/plugins/osm/themes/ol/index72c9.html]
[pabanal.fr/wp-content/plugins/osm/themes/ol/index5851.html]
[pabanal.fr/wp-content/plugins/osm/themes/ol_orange/indexf8a0.html]
[pabanal.fr/wp-content/plugins/osm/themes/ol_orange/indexbfec.html]
[pabanal.fr/wp-content/plugins/osm/themes/ol/indexad3f.html]
[pabanal.fr/wp-content/plugins/osm/themes/ol_orange/index30b5.html]
[pabanal.fr/wp-content/plugins/osm/themes/ol_orange/indexb70a.html]
[pabanal.fr/wp-content/plugins/osm/js/OL/indexb70a.html]
[pabanal.fr/wp-content/plugins/osm/js/OL/index72c9.html]
[pabanal.fr/wp-content/plugins/osm/js/OL/index5851.html]
[pabanal.fr/wp-content/plugins/osm/js/OL/indexad3f.html]
[pabanal.fr/wp-content/plugins/osm/js/OL/2.13.1/indexc052.html]
[pabanal.fr/wp-content/plugins/osm/themes/ol_orange/index72c9.html]
[pabanal.fr/wp-content/plugins/osm/themes/ol_orange/index5851.html]
[pabanal.fr/wp-content/plugins/osm/js/OL/2.13.1/indexf8a0.html]
[pabanal.fr/wp-content/plugins/osm/js/OL/2.13.1/indexbfec.html]
[pabanal.fr/wp-content/plugins/osm/themes/ol_orange/indexad3f.html]
[pabanal.fr/wp-content/plugins/osm/js/OL/2.13.1/index30b5.html]
[pabanal.fr/wp-content/plugins/osm/js/OL/2.13.1/indexb70a.html]
[pabanal.fr/wp-content/plugins/osm/js/OL/2.13.1/index72c9.html]
[pabanal.fr/wp-content/plugins/osm/js/OL/2.13.1/index5851.html]
[pabanal.fr/wp-content/plugins/osm/js/OL/2.13.1/indexad3f.html]
[pabanal.fr/wp-content/plugins/osm/js/OL/2.13.1/img/blank.gif]
[pabanal.fr/wp-content/plugins/osm/js/OL/2.13.1/img/indexc052.html]
[pabanal.fr/wp-content/plugins/osm/js/OL/2.13.1/img/indexf8a0.html]
[pabanal.fr/wp-content/plugins/osm/js/OL/2.13.1/img/indexbfec.html]
[pabanal.fr/wp-content/plugins/osm/js/OL/2.13.1/img/index30b5.html]
[pabanal.fr/wp-content/plugins/osm/js/OL/2.13.1/img/cloud-popup-relative.png]
[pabanal.fr/wp-content/plugins/osm/js/OL/2.13.1/img/drag-rectangle-off.png]
[pabanal.fr/wp-content/plugins/osm/js/OL/2.13.1/img/drag-rectangle-on.png]
[pabanal.fr/wp-content/plugins/osm/js/OL/2.13.1/img/east-mini.png]
[pabanal.fr/wp-content/plugins/osm/js/OL/2.13.1/img/layer-switcher-maximize.png]
[pabanal.fr/wp-content/plugins/osm/js/OL/2.13.1/img/layer-switcher-minimize.png]
[pabanal.fr/wp-content/plugins/osm/js/OL/2.13.1/img/marker-blue.png]
[pabanal.fr/wp-content/plugins/osm/js/OL/2.13.1/img/marker-gold.png]
[pabanal.fr/wp-content/plugins/osm/js/OL/2.13.1/img/marker-green.png]
[pabanal.fr/wp-content/plugins/osm/js/OL/2.13.1/img/marker.png]
[pabanal.fr/wp-content/plugins/osm/js/OL/2.13.1/img/measuring-stick-off.png]
[pabanal.fr/wp-content/plugins/osm/js/OL/2.13.1/img/measuring-stick-on.png]
[pabanal.fr/wp-content/plugins/osm/js/OL/2.13.1/img/north-mini.png]
[pabanal.fr/wp-content/plugins/osm/js/OL/2.13.1/img/panning-hand-off.png]
[pabanal.fr/wp-content/plugins/osm/js/OL/2.13.1/img/panning-hand-on.png]
[pabanal.fr/wp-content/plugins/osm/js/OL/2.13.1/img/slider.png]
[pabanal.fr/wp-content/plugins/osm/js/OL/2.13.1/img/south-mini.png]
[pabanal.fr/wp-content/plugins/osm/js/OL/2.13.1/img/west-mini.png]
[pabanal.fr/wp-content/plugins/osm/js/OL/2.13.1/img/zoom-minus-mini.png]
[pabanal.fr/wp-content/plugins/osm/js/OL/2.13.1/img/zoom-plus-mini.png]
[pabanal.fr/wp-content/plugins/osm/js/OL/2.13.1/img/zoom-world-mini.png]
[pabanal.fr/wp-content/plugins/osm/js/OL/2.13.1/img/index.html]
[pabanal.fr/wp-content/plugins/osm/js/OL/2.13.1/img/zoombar.png]
[pabanal.fr/wp-content/plugins/osm/js/OL/2.13.1/readme.html]
[pabanal.fr/wp-content/plugins/osm/js/OL/2.13.1/theme/index.html]
[pabanal.fr/wp-content/plugins/osm/js/OL/6.3.1/indexc052.html]
[pabanal.fr/wp-content/plugins/osm/js/OL/2.13.1/theme/indexc052.html]
[pabanal.fr/wp-content/plugins/osm/js/OL/2.13.1/theme/indexbfec.html]
[pabanal.fr/wp-content/plugins/osm/js/OL/6.3.1/indexf8a0.html]
[pabanal.fr/wp-content/plugins/osm/js/OL/2.13.1/theme/indexf8a0.html]
[pabanal.fr/wp-content/plugins/osm/js/OL/2.13.1/theme/index30b5.html]
[pabanal.fr/wp-content/plugins/osm/js/OL/6.3.1/indexbfec.html]
[pabanal.fr/wp-content/plugins/osm/js/OL/2.13.1/theme/default/index.html]
[pabanal.fr/wp-content/plugins/osm/js/OL/6.3.1/indexb70a.html]
[pabanal.fr/wp-content/plugins/osm/js/OL/6.3.1/index30b5.html]
[pabanal.fr/wp-content/plugins/osm/js/OL/6.3.1/css/index.html]
[pabanal.fr/wp-content/plugins/osm/js/OL/6.3.1/index72c9.html]
[pabanal.fr/wp-content/plugins/osm/js/OL/6.3.1/index5851.html]
[pabanal.fr/wp-content/plugins/osm/js/OL/6.4.3/indexc052.html]
[pabanal.fr/wp-content/plugins/osm/js/OL/6.3.1/indexad3f.html]
[pabanal.fr/wp-content/plugins/osm/js/OL/6.3.1/css/indexc052.html]
[pabanal.fr/wp-content/plugins/osm/js/OL/6.3.1/css/indexf8a0.html]
[pabanal.fr/wp-content/plugins/osm/js/OL/6.3.1/css/indexbfec.html]
[pabanal.fr/wp-content/plugins/osm/js/OL/6.4.3/indexf8a0.html]
[pabanal.fr/wp-content/plugins/osm/js/OL/6.4.3/indexbfec.html]
[pabanal.fr/wp-content/plugins/osm/js/OL/6.3.1/css/index30b5.html]
[pabanal.fr/wp-content/plugins/osm/js/OL/6.4.3/indexb70a.html]
[pabanal.fr/wp-content/plugins/osm/js/OL/6.4.3/index30b5.html]
[pabanal.fr/wp-content/plugins/osm/js/OSM/indexb70a.html]
[pabanal.fr/wp-content/plugins/osm/js/OSM/index72c9.html]
[pabanal.fr/wp-content/plugins/osm/js/OSM/index5851.html]
[pabanal.fr/wp-content/plugins/osm/js/OSM/indexad3f.html]
[pabanal.fr/wp-content/plugins/osm/js/OSM/openlayers/indexc052.html]
[pabanal.fr/wp-content/plugins/osm/js/OL/6.4.3/index72c9.html]
[pabanal.fr/wp-content/plugins/osm/js/OL/6.4.3/index5851.html]
[pabanal.fr/wp-content/plugins/osm/js/OSM/openlayers/indexf8a0.html]
[pabanal.fr/wp-content/plugins/osm/js/OSM/openlayers/indexbfec.html]
[pabanal.fr/wp-content/plugins/osm/js/OSM/openlayers/indexb70a.html]
[pabanal.fr/wp-content/plugins/osm/js/OSM/openlayers/index30b5.html]
[pabanal.fr/wp-content/plugins/osm/js/OSeaM/indexb70a.html]
[pabanal.fr/wp-content/plugins/osm/js/OSeaM/index72c9.html]
[pabanal.fr/wp-content/plugins/osm/js/OSeaM/index5851.html]
[pabanal.fr/wp-content/plugins/osm/js/OSeaM/indexad3f.html]
[pabanal.fr/wp-content/plugins/osm/js/polyfill/indexb70a.html]
[pabanal.fr/wp-content/plugins/osm/js/polyfill/index72c9.html]
[pabanal.fr/wp-content/plugins/osm/js/polyfill/index5851.html]
[pabanal.fr/wp-content/plugins/osm/js/polyfill/indexad3f.html]
[pabanal.fr/wp-content/plugins/osm/js/polyfill/v2/indexc052.html]
[pabanal.fr/wp-content/plugins/osm/js/OL/6.4.3/indexad3f.html]
[pabanal.fr/wp-content/plugins/osm/js/polyfill/v2/indexf8a0.html]
[pabanal.fr/wp-content/plugins/osm/js/OSM/openlayers/index72c9.html]
[pabanal.fr/wp-content/plugins/osm/js/OSM/openlayers/index5851.html]
[pabanal.fr/wp-content/plugins/osm/js/polyfill/v2/indexbfec.html]
[pabanal.fr/wp-content/plugins/osm/js/polyfill/v2/index30b5.html]
[pabanal.fr/wp-content/plugins/osm/js/polyfill/v2/indexb70a.html]
[pabanal.fr/wp-content/plugins/osm/osm_map/osm-sc-osm_map.html]
[pabanal.fr/wp-content/plugins/osm/osm_map_v3/osm-sc-osm_map_v3.html]
[pabanal.fr/wp-content/plugins/osm/osm_map_v3/osm-sc-osm_map_v3_backend.html]
[pabanal.fr/wp-content/plugins/osm/themes/dark/indexb70a.html]
[pabanal.fr/wp-content/plugins/osm/themes/dark/index72c9.html]
[pabanal.fr/wp-content/plugins/osm/themes/dark/index5851.html]
[pabanal.fr/wp-content/plugins/osm/themes/dark/indexad3f.html]
[pabanal.fr/wp-content/plugins/osm/themes/ol/indexb70a.html]
[pabanal.fr/wp-content/plugins/osm/themes/ol/index72c9.html]
[pabanal.fr/wp-content/plugins/osm/themes/ol/index5851.html]
[pabanal.fr/wp-content/plugins/osm/themes/ol/indexad3f.html]
[pabanal.fr/wp-content/plugins/osm/themes/ol_orange/indexb70a.html]
[pabanal.fr/wp-content/plugins/osm/themes/ol_orange/index72c9.html]
[pabanal.fr/wp-content/plugins/osm/themes/ol_orange/index5851.html]
[pabanal.fr/wp-content/plugins/osm/themes/ol_orange/indexad3f.html]
[pabanal.fr/wp-content/plugins/osm/js/OL/2.13.1/indexb70a.html]
[pabanal.fr/wp-content/plugins/osm/js/OL/2.13.1/index72c9.html]
[pabanal.fr/wp-content/plugins/osm/js/OL/2.13.1/index5851.html]
[pabanal.fr/wp-content/plugins/osm/js/OL/2.13.1/indexad3f.html]
[pabanal.fr/wp-content/plugins/osm/js/OL/2.13.1/img/indexc052.html]
[pabanal.fr/wp-content/plugins/osm/js/polyfill/v2/index72c9.html]
[pabanal.fr/wp-content/plugins/osm/js/OL/2.13.1/img/indexf8a0.html]
[pabanal.fr/wp-content/plugins/osm/js/polyfill/v2/index5851.html]
[pabanal.fr/wp-content/plugins/osm/js/polyfill/v2/indexad3f.html]
[pabanal.fr/wp-content/plugins/osm/js/OL/2.13.1/img/indexbfec.html]
[pabanal.fr/wp-content/plugins/osm/js/OL/2.13.1/img/index30b5.html]
[pabanal.fr/wp-content/plugins/osm/js/OL/2.13.1/img/indexb70a.html]
[pabanal.fr/OpenLayers.html]
[pabanal.fr/lib/OpenLayers.html]
[pabanal.fr/wp-content/plugins/osm/js/OL/2.13.1/theme/indexc052.html]
[pabanal.fr/wp-content/plugins/osm/js/OL/2.13.1/img/index72c9.html]
[pabanal.fr/wp-content/plugins/osm/js/OL/2.13.1/theme/indexf8a0.html]
[pabanal.fr/wp-content/plugins/osm/js/OL/2.13.1/img/index5851.html]
[pabanal.fr/wp-content/plugins/osm/js/OL/2.13.1/img/indexad3f.html]
[pabanal.fr/wp-content/plugins/osm/js/OL/2.13.1/theme/indexbfec.html]
[pabanal.fr/wp-content/plugins/osm/js/OL/2.13.1/theme/index30b5.html]
[pabanal.fr/wp-content/plugins/osm/js/OL/2.13.1/theme/indexb70a.html]
[pabanal.fr/wp-content/plugins/osm/js/OL/2.13.1/theme/index72c9.html]
[pabanal.fr/wp-content/plugins/osm/js/OL/2.13.1/theme/index5851.html]
[pabanal.fr/wp-content/plugins/osm/js/OL/2.13.1/theme/indexad3f.html]
[pabanal.fr/wp-content/plugins/osm/js/OL/2.13.1/theme/default/google.css]
[pabanal.fr/wp-content/plugins/osm/js/OL/2.13.1/theme/default/indexc052.html]
[pabanal.fr/wp-content/plugins/osm/js/OL/2.13.1/theme/default/google.tidy.css]
[pabanal.fr/wp-content/plugins/osm/js/OL/2.13.1/theme/default/indexf8a0.html]
[pabanal.fr/wp-content/plugins/osm/js/OL/2.13.1/theme/default/ie6-style.css]
[pabanal.fr/wp-content/plugins/osm/js/OL/2.13.1/theme/default/ie6-style.tidy.css]
[pabanal.fr/wp-content/plugins/osm/js/OL/2.13.1/theme/default/style.css]
[pabanal.fr/wp-content/plugins/osm/js/OL/2.13.1/theme/default/style.mobile.css]
[pabanal.fr/wp-content/plugins/osm/js/OL/2.13.1/theme/default/indexbfec.html]
[pabanal.fr/wp-content/plugins/osm/js/OL/2.13.1/theme/default/style.mobile.tidy.css]
[pabanal.fr/wp-content/plugins/osm/js/OL/2.13.1/theme/default/index.html]
[pabanal.fr/wp-content/plugins/osm/js/OL/2.13.1/theme/default/style.tidy.css]
[pabanal.fr/wp-content/plugins/osm/js/OL/6.3.1/indexb70a.html]
[pabanal.fr/wp-content/plugins/osm/js/OL/6.3.1/index72c9.html]
[pabanal.fr/wp-content/plugins/osm/js/OL/6.3.1/index5851.html]
[pabanal.fr/wp-content/plugins/osm/js/OL/6.3.1/indexad3f.html]
[pabanal.fr/wp-content/plugins/osm/js/OL/6.3.1/css/indexc052.html]
[pabanal.fr/wp-content/plugins/osm/js/OL/6.3.1/css/indexf8a0.html]
[pabanal.fr/wp-content/plugins/osm/js/OL/2.13.1/theme/default/index30b5.html]
[pabanal.fr/wp-content/plugins/osm/js/OL/6.3.1/css/indexbfec.html]
[pabanal.fr/wp-content/plugins/osm/js/OL/2.13.1/theme/default/img/index.html]
[pabanal.fr/wp-content/plugins/osm/js/OL/6.3.1/css/index30b5.html]
[pabanal.fr/wp-content/plugins/osm/js/OL/6.3.1/css/indexb70a.html]
[pabanal.fr/wp-content/plugins/osm/js/OL/6.3.1/css/index72c9.html]
[pabanal.fr/wp-content/plugins/osm/js/OL/6.4.3/indexb70a.html]
[pabanal.fr/wp-content/plugins/osm/js/OL/6.4.3/index72c9.html]
[pabanal.fr/wp-content/plugins/osm/js/OL/6.4.3/index5851.html]
[pabanal.fr/wp-content/plugins/osm/js/OL/6.4.3/indexad3f.html]
[pabanal.fr/wp-content/plugins/osm/js/OSM/openlayers/indexb70a.html]
[pabanal.fr/wp-content/plugins/osm/js/OSM/openlayers/index72c9.html]
[pabanal.fr/wp-content/plugins/osm/js/OSM/openlayers/index5851.html]
[pabanal.fr/wp-content/plugins/osm/js/polyfill/v2/indexb70a.html]
[pabanal.fr/wp-content/plugins/osm/js/polyfill/v2/index72c9.html]
[pabanal.fr/wp-content/plugins/osm/js/polyfill/v2/index5851.html]
[pabanal.fr/wp-content/plugins/osm/js/polyfill/v2/indexad3f.html]
[pabanal.fr/wp-content/plugins/osm/js/OL/2.13.1/img/indexb70a.html]
[pabanal.fr/wp-content/plugins/osm/js/OL/2.13.1/img/index72c9.html]
[pabanal.fr/wp-content/plugins/osm/js/OL/2.13.1/img/index5851.html]
[pabanal.fr/wp-content/plugins/osm/js/OL/2.13.1/img/indexad3f.html]
[pabanal.fr/wp-content/plugins/osm/js/OL/2.13.1/theme/indexb70a.html]
[pabanal.fr/wp-content/plugins/osm/js/OL/2.13.1/theme/index72c9.html]
[pabanal.fr/wp-content/plugins/osm/js/OL/2.13.1/theme/index5851.html]
[pabanal.fr/wp-content/plugins/osm/js/OL/2.13.1/theme/indexad3f.html]
[pabanal.fr/wp-content/plugins/osm/js/OL/2.13.1/theme/default/indexc052.html]
[pabanal.fr/wp-content/plugins/osm/js/OL/6.3.1/css/index5851.html]
[pabanal.fr/wp-content/plugins/osm/js/OL/2.13.1/theme/default/indexf8a0.html]
[pabanal.fr/wp-content/plugins/osm/js/OL/6.3.1/css/indexad3f.html]
[pabanal.fr/wp-content/plugins/osm/js/OL/2.13.1/theme/default/indexbfec.html]
[pabanal.fr/wp-content/plugins/osm/js/OSM/openlayers/indexad3f.html]
[pabanal.fr/wp-content/plugins/osm/js/OL/2.13.1/theme/default/indexb70a.html]
[pabanal.fr/wp-content/plugins/osm/js/OL/2.13.1/theme/default/index30b5.html]
[pabanal.fr/wp-content/plugins/osm/js/OL/2.13.1/theme/default/google.css]
[pabanal.fr/wp-content/plugins/osm/js/OL/2.13.1/theme/default/google.tidy.css]
[pabanal.fr/wp-content/plugins/osm/js/OL/2.13.1/theme/default/index72c9.html]
[pabanal.fr/wp-content/plugins/osm/js/OL/2.13.1/theme/default/index5851.html]
[pabanal.fr/wp-content/plugins/osm/js/OL/2.13.1/theme/default/indexad3f.html]
[pabanal.fr/wp-content/plugins/osm/js/OL/2.13.1/theme/default/img/zoom-panel-NOALPHA.png]
[pabanal.fr/wp-content/plugins/osm/js/OL/2.13.1/theme/default/img/pan-panel-NOALPHA.png]
[pabanal.fr/wp-content/plugins/osm/js/OL/2.13.1/theme/default/ie6-style.css]
[pabanal.fr/wp-content/plugins/osm/js/OL/2.13.1/theme/default/ie6-style.tidy.css]
[pabanal.fr/wp-content/plugins/osm/js/OL/2.13.1/theme/default/img/add_point_off.png]
[pabanal.fr/wp-content/plugins/osm/js/OL/2.13.1/theme/default/img/indexc052.html]
[pabanal.fr/wp-content/plugins/osm/js/OL/2.13.1/theme/default/img/add_point_on.png]
[pabanal.fr/wp-content/plugins/osm/js/OL/2.13.1/theme/default/img/blank.gif]
[pabanal.fr/wp-content/plugins/osm/js/OL/2.13.1/theme/default/img/close.gif]
[pabanal.fr/wp-content/plugins/osm/js/OL/2.13.1/theme/default/img/indexf8a0.html]
[pabanal.fr/wp-content/plugins/osm/js/OL/2.13.1/theme/default/img/drag-rectangle-off.png]
[pabanal.fr/wp-content/plugins/osm/js/OL/2.13.1/theme/default/img/drag-rectangle-on.png]
[pabanal.fr/wp-content/plugins/osm/js/OL/2.13.1/theme/default/img/draw_line_off.png]
[pabanal.fr/wp-content/plugins/osm/js/OL/2.13.1/theme/default/img/draw_line_on.png]
[pabanal.fr/wp-content/plugins/osm/js/OL/2.13.1/theme/default/img/indexbfec.html]
[pabanal.fr/wp-content/plugins/osm/js/OL/2.13.1/theme/default/img/draw_point_off.png]
[pabanal.fr/wp-content/plugins/osm/js/OL/2.13.1/theme/default/img/draw_point_on.png]
[pabanal.fr/wp-content/plugins/osm/js/OL/2.13.1/theme/default/img/draw_polygon_off.png]
[pabanal.fr/wp-content/plugins/osm/js/OL/2.13.1/theme/default/img/draw_polygon_on.png]
[pabanal.fr/wp-content/plugins/osm/js/OL/2.13.1/theme/default/img/editing_tool_bar.png]
[pabanal.fr/wp-content/plugins/osm/js/OL/2.13.1/theme/default/img/index30b5.html]
[pabanal.fr/wp-content/plugins/osm/js/OL/2.13.1/theme/default/img/move_feature_off.png]
[pabanal.fr/wp-content/plugins/osm/js/OL/2.13.1/theme/default/img/move_feature_on.png]
[pabanal.fr/wp-content/plugins/osm/js/OL/2.13.1/theme/default/img/navigation_history.png]
[pabanal.fr/wp-content/plugins/osm/js/OL/2.13.1/theme/default/img/overview_replacement.gif]
[pabanal.fr/wp-content/plugins/osm/js/OL/2.13.1/theme/default/img/pan-panel.png]
[pabanal.fr/wp-content/plugins/osm/js/OL/2.13.1/theme/default/img/pan_off.png]
[pabanal.fr/wp-content/plugins/osm/js/OL/2.13.1/theme/default/img/pan_on.png]
[pabanal.fr/wp-content/plugins/osm/js/OL/2.13.1/theme/default/img/panning-hand-off.png]
[pabanal.fr/wp-content/plugins/osm/js/OL/2.13.1/theme/default/img/panning-hand-on.png]
[pabanal.fr/wp-content/plugins/osm/js/OL/2.13.1/theme/default/img/remove_point_off.png]
[pabanal.fr/wp-content/plugins/osm/js/OL/2.13.1/theme/default/img/remove_point_on.png]
[pabanal.fr/wp-content/plugins/osm/js/OL/2.13.1/theme/default/img/ruler.png]
[pabanal.fr/wp-content/plugins/osm/js/OL/2.13.1/theme/default/img/save_features_off.png]
[pabanal.fr/wp-content/plugins/osm/js/OL/2.13.1/theme/default/img/save_features_on.png]
[pabanal.fr/wp-content/plugins/osm/js/OL/2.13.1/theme/default/img/view_next_off.png]
[pabanal.fr/wp-content/plugins/osm/js/OL/2.13.1/theme/default/img/view_next_on.png]
[pabanal.fr/wp-content/plugins/osm/js/OL/2.13.1/theme/default/img/view_previous_off.png]
[pabanal.fr/wp-content/plugins/osm/js/OL/2.13.1/theme/default/img/view_previous_on.png]
[pabanal.fr/wp-content/plugins/osm/js/OL/2.13.1/theme/default/img/zoom-panel.png]
[pabanal.fr/wp-content/plugins/osm/js/OL/2.13.1/theme/default/img/index.html]
[pabanal.fr/wp-content/plugins/osm/js/OL/2.13.1/theme/default/style.css]
[pabanal.fr/wp-content/plugins/osm/js/OL/2.13.1/theme/default/style.mobile.css]
[pabanal.fr/wp-content/plugins/osm/js/OL/2.13.1/theme/default/style.mobile.tidy.css]
[pabanal.fr/wp-content/plugins/osm/js/OL/2.13.1/theme/default/style.tidy.css]
[pabanal.fr/wp-content/plugins/osm/js/OL/6.3.1/css/indexb70a.html]
[pabanal.fr/wp-content/plugins/osm/js/OL/6.3.1/css/index72c9.html]
[pabanal.fr/wp-content/plugins/osm/js/OL/6.3.1/css/index5851.html]
[pabanal.fr/wp-content/plugins/osm/js/OL/6.3.1/css/indexad3f.html]
[pabanal.fr/wp-content/plugins/osm/js/OSM/openlayers/indexad3f.html]
[pabanal.fr/wp-content/plugins/osm/js/OL/2.13.1/theme/default/indexb70a.html]
[pabanal.fr/wp-content/plugins/osm/js/OL/2.13.1/theme/default/index72c9.html]
[pabanal.fr/wp-content/plugins/osm/js/OL/2.13.1/theme/default/index5851.html]
[pabanal.fr/wp-content/plugins/osm/js/OL/2.13.1/theme/default/indexad3f.html]
[pabanal.fr/wp-content/plugins/osm/js/OL/2.13.1/theme/default/img/indexc052.html]
[pabanal.fr/wp-content/plugins/osm/js/OL/2.13.1/theme/default/img/indexf8a0.html]
[pabanal.fr/wp-content/plugins/osm/js/OL/2.13.1/theme/default/img/indexbfec.html]
[pabanal.fr/wp-content/plugins/osm/js/OL/2.13.1/theme/default/img/index30b5.html]
[pabanal.fr/wp-content/plugins/osm/js/OL/2.13.1/theme/default/img/index72c9.html]
[pabanal.fr/wp-content/plugins/osm/js/OL/2.13.1/theme/default/img/indexb70a.html]
[pabanal.fr/wp-content/plugins/osm/js/OL/2.13.1/theme/default/img/index5851.html]
[pabanal.fr/wp-content/plugins/osm/js/OL/2.13.1/theme/default/img/indexad3f.html]
[pabanal.fr/wp-content/plugins/osm/js/OL/2.13.1/theme/default/img/indexb70a.html]
[pabanal.fr/wp-content/plugins/osm/js/OL/2.13.1/theme/default/img/index72c9.html]
[pabanal.fr/wp-content/plugins/osm/js/OL/2.13.1/theme/default/img/index5851.html]
[pabanal.fr/wp-content/plugins/osm/js/OL/2.13.1/theme/default/img/indexad3f.html]
